<html>
<body>
<pre>
<h1>µVision Build Log</h1>
<h2>Tool Versions:</h2>
IDE-Version: µVision V5.27.1.0
Copyright (C) 2019 ARM Ltd and ARM Germany GmbH. All rights reserved.
License Information: hanzhang tu, THU, LIC=----
 
Tool Versions:
Toolchain:       MDK-Lite  Version: 5.27.1.0
Toolchain Path:  C:\Keil_v5\ARM\ARMCC\Bin
C Compiler:      Armcc.exe V5.06 update 6 (build 750)
Assembler:       Armasm.exe V5.06 update 6 (build 750)
Linker/Locator:  ArmLink.exe V5.06 update 6 (build 750)
Library Manager: ArmAr.exe V5.06 update 6 (build 750)
Hex Converter:   FromElf.exe V5.06 update 6 (build 750)
CPU DLL:         SARMCM3.DLL V5.27.1.0
Dialog DLL:      DCM.DLL V1.17.2.0
Target DLL:      STLink\ST-LINKIII-KEIL_SWO.dll V3.0.6.0
Dialog DLL:      TCM.DLL V1.36.1.0
 
<h2>Project:</h2>
C:\Users\itoshiko\Desktop\407\MDK-ARM\edc_407.uvprojx
Project File Date:  11/14/2020

<h2>Output:</h2>
*** Using Compiler 'V5.06 update 6 (build 750)', folder: 'C:\Keil_v5\ARM\ARMCC\Bin'
Build target 'edc_407'
compiling mpu.c...
..\Src\mpu.h(11): warning:  #1-D: last line of file ends without a newline
  #endif
..\Src\mpu.c(38): warning:  #1035-D: single-precision operand implicitly converted to double-precision
          data->an_vel = (float)((mpuRxbuf[7] << 8) | mpuRxbuf[6]) / 32768.0 * 2000.0;
..\Src\mpu.c(39): warning:  #1035-D: single-precision operand implicitly converted to double-precision
  				data->an = (float)((mpuRxbuf[18] << 8) | mpuRxbuf[17]) / 32768.0 * 180.0;
..\Src\mpu.c(70): warning:  #1-D: last line of file ends without a newline
  }
..\Src\mpu.c: 4 warnings, 0 errors
compiling main.c...
../Src/zigbee.h(91): warning:  #1295-D: Deprecated declaration getCarposX - give arg types
  uint16_t getCarposX();		    //????x????
../Src/zigbee.h(92): warning:  #1295-D: Deprecated declaration getCarposY - give arg types
  uint16_t getCarposY();			//????y????
../Src/zigbee.h(93): warning:  #1295-D: Deprecated declaration getCarpos - give arg types
  struct Position getCarpos();	//????????
../Src/zigbee.h(99): warning:  #1295-D: Deprecated declaration getCarpicknum - give arg types
  uint16_t getCarpicknum();//??????????
../Src/zigbee.h(100): warning:  #1295-D: Deprecated declaration getCartransportnum - give arg types
  uint16_t getCartransportnum();//??????????????
../Src/zigbee.h(101): warning:  #1295-D: Deprecated declaration getCartransport - give arg types
  uint16_t getCartransport();//????????????????????
../Src/zigbee.h(102): warning:  #1295-D: Deprecated declaration getCarscore - give arg types
  uint16_t getCarscore();//????????
../Src/zigbee.h(103): warning:  #1295-D: Deprecated declaration getCartask - give arg types
  uint16_t getCartask();//????????
../Src/zigbee.h(104): warning:  #1295-D: Deprecated declaration getCararea - give arg types
  uint16_t getCararea();//????????
../Src/zigbee.h(111): warning:  #1295-D: Deprecated declaration Decode - give arg types
  void Decode();
../Src/mpu.h(11): warning:  #1-D: last line of file ends without a newline
  #endif
../Src/main.c(116): warning:  #223-D: function "printf" declared implicitly
    printf("test message\n");
../Src/main.c: 12 warnings, 0 errors
linking...
Program Size: Code=10684 RO-data=456 RW-data=60 ZI-data=1900  
FromELF: creating hex file...
"edc_407\edc_407.axf" - 0 Error(s), 16 Warning(s).

<h2>Software Packages used:</h2>

Package Vendor: ARM
                http://www.keil.com/pack/ARM.CMSIS.5.5.1.pack
                ARM.CMSIS.5.5.1
                CMSIS (Cortex Microcontroller Software Interface Standard)
   * Component: CORE Version: 5.2.0

Package Vendor: Keil
                http://www.keil.com/pack/Keil.STM32F4xx_DFP.2.15.0.pack
                Keil.STM32F4xx_DFP.2.15.0
                STMicroelectronics STM32F4 Series Device Support, Drivers and Examples

<h2>Collection of Component include folders:</h2>
  .\RTE\_edc_407
  C:\Users\itoshiko\AppData\Local\Arm\Packs\ARM\CMSIS\5.5.1\CMSIS\Core\Include
  C:\Users\itoshiko\AppData\Local\Arm\Packs\Keil\STM32F4xx_DFP\2.15.0\Drivers\CMSIS\Device\ST\STM32F4xx\Include

<h2>Collection of Component Files used:</h2>

   * Component: ARM::CMSIS:CORE:5.2.0
Build Time Elapsed:  00:00:02
</pre>
</body>
</html>
