Component: ARM Compiler 5.06 update 6 (build 750) Tool: armlink [4d35ed]

==============================================================================

Section Cross References

    startup_stm32f103xe.o(RESET) refers to startup_stm32f103xe.o(STACK) for __initial_sp
    startup_stm32f103xe.o(RESET) refers to startup_stm32f103xe.o(.text) for Reset_Handler
    startup_stm32f103xe.o(RESET) refers to stm32f1xx_it.o(i.NMI_Handler) for NMI_Handler
    startup_stm32f103xe.o(RESET) refers to stm32f1xx_it.o(i.HardFault_Handler) for HardFault_Handler
    startup_stm32f103xe.o(RESET) refers to stm32f1xx_it.o(i.MemManage_Handler) for MemManage_Handler
    startup_stm32f103xe.o(RESET) refers to stm32f1xx_it.o(i.BusFault_Handler) for BusFault_Handler
    startup_stm32f103xe.o(RESET) refers to stm32f1xx_it.o(i.UsageFault_Handler) for UsageFault_Handler
    startup_stm32f103xe.o(RESET) refers to stm32f1xx_it.o(i.SVC_Handler) for SVC_Handler
    startup_stm32f103xe.o(RESET) refers to stm32f1xx_it.o(i.DebugMon_Handler) for DebugMon_Handler
    startup_stm32f103xe.o(RESET) refers to stm32f1xx_it.o(i.PendSV_Handler) for PendSV_Handler
    startup_stm32f103xe.o(RESET) refers to stm32f1xx_it.o(i.SysTick_Handler) for SysTick_Handler
    startup_stm32f103xe.o(RESET) refers to motor.o(i.EXTI2_IRQHandler) for EXTI2_IRQHandler
    startup_stm32f103xe.o(RESET) refers to stm32f1xx_it.o(i.DMA1_Channel6_IRQHandler) for DMA1_Channel6_IRQHandler
    startup_stm32f103xe.o(RESET) refers to stm32f1xx_it.o(i.DMA1_Channel7_IRQHandler) for DMA1_Channel7_IRQHandler
    startup_stm32f103xe.o(RESET) refers to stm32f1xx_it.o(i.ADC1_2_IRQHandler) for ADC1_2_IRQHandler
    startup_stm32f103xe.o(RESET) refers to stm32f1xx_it.o(i.I2C1_EV_IRQHandler) for I2C1_EV_IRQHandler
    startup_stm32f103xe.o(RESET) refers to stm32f1xx_it.o(i.USART2_IRQHandler) for USART2_IRQHandler
    startup_stm32f103xe.o(RESET) refers to motor.o(i.EXTI15_10_IRQHandler) for EXTI15_10_IRQHandler
    startup_stm32f103xe.o(.text) refers to system_stm32f1xx.o(i.SystemInit) for SystemInit
    startup_stm32f103xe.o(.text) refers to entry.o(.ARM.Collect$$$$00000000) for __main
    led.o(i.Led_task) refers to stm32f1xx_hal.o(i.HAL_GetTick) for HAL_GetTick
    led.o(i.Led_task) refers to stm32f1xx_hal_gpio.o(i.HAL_GPIO_TogglePin) for HAL_GPIO_TogglePin
    led.o(i.Led_task) refers to led.o(.data) for .data
    led.o(i.Set_blink) refers to led.o(.data) for .data
    mecanum.o(i.cal_mecanum) refers to fflti.o(.text) for __aeabi_i2f
    mecanum.o(i.cal_mecanum) refers to fdiv.o(.text) for __aeabi_fdiv
    mecanum.o(i.cal_mecanum) refers to fmul.o(.text) for __aeabi_fmul
    mecanum.o(i.cal_mecanum) refers to ffixi.o(.text) for __aeabi_f2iz
    motor.o(i.EXTI15_10_IRQHandler) refers to stm32f1xx_hal_gpio.o(i.HAL_GPIO_ReadPin) for HAL_GPIO_ReadPin
    motor.o(i.EXTI15_10_IRQHandler) refers to motor.o(.data) for .data
    motor.o(i.EXTI2_IRQHandler) refers to stm32f1xx_hal_gpio.o(i.HAL_GPIO_ReadPin) for HAL_GPIO_ReadPin
    motor.o(i.EXTI2_IRQHandler) refers to motor.o(.data) for .data
    motor.o(i.Get_cnt) refers to motor.o(.data) for .data
    motor.o(i.Get_cnt) refers to main.o(.bss) for htim3
    motor.o(i.LL_TIM_OC_SetPolarity) refers to motor.o(.constdata) for .constdata
    motor.o(i.Motor_PID_Enable) refers to motor.o(i.pid_Motor_Init) for pid_Motor_Init
    motor.o(i.Motor_lock) refers to motor.o(i.LL_GPIO_SetPinMode) for LL_GPIO_SetPinMode
    motor.o(i.Motor_task) refers to stm32f1xx_hal.o(i.HAL_GetTick) for HAL_GetTick
    motor.o(i.Motor_task) refers to ffltui.o(.text) for __aeabi_ui2f
    motor.o(i.Motor_task) refers to fflti.o(.text) for __aeabi_i2f
    motor.o(i.Motor_task) refers to fdiv.o(.text) for __aeabi_fdiv
    motor.o(i.Motor_task) refers to f2d.o(.text) for __aeabi_f2d
    motor.o(i.Motor_task) refers to dmul.o(.text) for __aeabi_dmul
    motor.o(i.Motor_task) refers to dadd.o(.text) for __aeabi_dsub
    motor.o(i.Motor_task) refers to d2f.o(.text) for __aeabi_d2f
    motor.o(i.Motor_task) refers to fadd.o(.text) for __aeabi_fadd
    motor.o(i.Motor_task) refers to cfrcmple.o(.text) for __aeabi_cfrcmple
    motor.o(i.Motor_task) refers to motor.o(i.LL_TIM_OC_SetPolarity) for LL_TIM_OC_SetPolarity
    motor.o(i.Motor_task) refers to motor.o(i.LL_GPIO_SetPinMode) for LL_GPIO_SetPinMode
    motor.o(i.Motor_task) refers to fmul.o(.text) for __aeabi_fmul
    motor.o(i.Motor_task) refers to ffixi.o(.text) for __aeabi_f2iz
    motor.o(i.Motor_task) refers to motor.o(.data) for .data
    motor.o(i.Motor_task) refers to motor.o(.bss) for .bss
    motor.o(i.pid_Motor_Init) refers to motor.o(i.LL_TIM_OC_SetPolarity) for LL_TIM_OC_SetPolarity
    motor.o(i.pid_Motor_Init) refers to motor.o(i.LL_GPIO_SetPinMode) for LL_GPIO_SetPinMode
    motor.o(i.user_Motor_Init) refers to stm32f1xx_hal_tim.o(i.HAL_TIM_Encoder_Start) for HAL_TIM_Encoder_Start
    motor.o(i.user_Motor_Init) refers to main.o(.bss) for htim3
[...]
    Removing stm32f1xx_ll_utils.o(i.LL_SetSystemCoreClock), (12 bytes).
    Removing stm32f1xx_ll_utils.o(i.LL_mDelay), (30 bytes).
    Removing stm32f1xx_ll_utils.o(i.UTILS_EnablePLLAndSwitchSystem), (176 bytes).
    Removing stm32f1xx_ll_utils.o(i.UTILS_GetPLLOutputFrequency), (24 bytes).
    Removing stm32f1xx_ll_utils.o(i.UTILS_PLL_IsBusy), (24 bytes).
    Removing stm32f1xx_ll_utils.o(i.UTILS_SetFlashLatency), (72 bytes).
    Removing stm32f1xx_ll_exti.o(.rev16_text), (4 bytes).
    Removing stm32f1xx_ll_exti.o(.revsh_text), (4 bytes).
    Removing stm32f1xx_ll_exti.o(.rrx_text), (6 bytes).
    Removing stm32f1xx_ll_exti.o(i.LL_EXTI_DeInit), (40 bytes).
    Removing stm32f1xx_ll_exti.o(i.LL_EXTI_Init), (160 bytes).
    Removing stm32f1xx_ll_exti.o(i.LL_EXTI_StructInit), (14 bytes).
    Removing system_stm32f1xx.o(.rev16_text), (4 bytes).
    Removing system_stm32f1xx.o(.revsh_text), (4 bytes).
    Removing system_stm32f1xx.o(.rrx_text), (6 bytes).
    Removing system_stm32f1xx.o(i.SystemCoreClockUpdate), (104 bytes).
    Removing ddiv.o(.text), (222 bytes).
    Removing dflti.o(.text), (34 bytes).
    Removing dfixi.o(.text), (62 bytes).

505 unused section(s) (total 33926 bytes) removed from the image.

==============================================================================

Image Symbol Table

    Local Symbols

    Symbol Name                              Value     Ov Type        Size  Object(Section)

    ..//Src/system_stm32f1xx.c               0x00000000   Number         0  system_stm32f1xx.o ABSOLUTE
    ../Drivers/STM32F1xx_HAL_Driver/Src/stm32f1xx_hal.c 0x00000000   Number         0  stm32f1xx_hal.o ABSOLUTE
    ../Drivers/STM32F1xx_HAL_Driver/Src/stm32f1xx_hal_adc.c 0x00000000   Number         0  stm32f1xx_hal_adc.o ABSOLUTE
    ../Drivers/STM32F1xx_HAL_Driver/Src/stm32f1xx_hal_adc_ex.c 0x00000000   Number         0  stm32f1xx_hal_adc_ex.o ABSOLUTE
    ../Drivers/STM32F1xx_HAL_Driver/Src/stm32f1xx_hal_cortex.c 0x00000000   Number         0  stm32f1xx_hal_cortex.o ABSOLUTE
    ../Drivers/STM32F1xx_HAL_Driver/Src/stm32f1xx_hal_dma.c 0x00000000   Number         0  stm32f1xx_hal_dma.o ABSOLUTE
    ../Drivers/STM32F1xx_HAL_Driver/Src/stm32f1xx_hal_flash.c 0x00000000   Number         0  stm32f1xx_hal_flash.o ABSOLUTE
    ../Drivers/STM32F1xx_HAL_Driver/Src/stm32f1xx_hal_flash_ex.c 0x00000000   Number         0  stm32f1xx_hal_flash_ex.o ABSOLUTE
    ../Drivers/STM32F1xx_HAL_Driver/Src/stm32f1xx_hal_gpio.c 0x00000000   Number         0  stm32f1xx_hal_gpio.o ABSOLUTE
    ../Drivers/STM32F1xx_HAL_Driver/Src/stm32f1xx_hal_gpio_ex.c 0x00000000   Number         0  stm32f1xx_hal_gpio_ex.o ABSOLUTE
    ../Drivers/STM32F1xx_HAL_Driver/Src/stm32f1xx_hal_i2c.c 0x00000000   Number         0  stm32f1xx_hal_i2c.o ABSOLUTE
    ../Drivers/STM32F1xx_HAL_Driver/Src/stm32f1xx_hal_iwdg.c 0x00000000   Number         0  stm32f1xx_hal_iwdg.o ABSOLUTE
    ../Drivers/STM32F1xx_HAL_Driver/Src/stm32f1xx_hal_pwr.c 0x00000000   Number         0  stm32f1xx_hal_pwr.o ABSOLUTE
    ../Drivers/STM32F1xx_HAL_Driver/Src/stm32f1xx_hal_rcc.c 0x00000000   Number         0  stm32f1xx_hal_rcc.o ABSOLUTE
    ../Drivers/STM32F1xx_HAL_Driver/Src/stm32f1xx_hal_rcc_ex.c 0x00000000   Number         0  stm32f1xx_hal_rcc_ex.o ABSOLUTE
    ../Drivers/STM32F1xx_HAL_Driver/Src/stm32f1xx_hal_tim.c 0x00000000   Number         0  stm32f1xx_hal_tim.o ABSOLUTE
    ../Drivers/STM32F1xx_HAL_Driver/Src/stm32f1xx_hal_tim_ex.c 0x00000000   Number         0  stm32f1xx_hal_tim_ex.o ABSOLUTE
    ../Drivers/STM32F1xx_HAL_Driver/Src/stm32f1xx_hal_uart.c 0x00000000   Number         0  stm32f1xx_hal_uart.o ABSOLUTE
    ../Drivers/STM32F1xx_HAL_Driver/Src/stm32f1xx_ll_dma.c 0x00000000   Number         0  stm32f1xx_ll_dma.o ABSOLUTE
    ../Drivers/STM32F1xx_HAL_Driver/Src/stm32f1xx_ll_exti.c 0x00000000   Number         0  stm32f1xx_ll_exti.o ABSOLUTE
    ../Drivers/STM32F1xx_HAL_Driver/Src/stm32f1xx_ll_gpio.c 0x00000000   Number         0  stm32f1xx_ll_gpio.o ABSOLUTE
    ../Drivers/STM32F1xx_HAL_Driver/Src/stm32f1xx_ll_rcc.c 0x00000000   Number         0  stm32f1xx_ll_rcc.o ABSOLUTE
    ../Drivers/STM32F1xx_HAL_Driver/Src/stm32f1xx_ll_tim.c 0x00000000   Number         0  stm32f1xx_ll_tim.o ABSOLUTE
    ../Drivers/STM32F1xx_HAL_Driver/Src/stm32f1xx_ll_utils.c 0x00000000   Number         0  stm32f1xx_ll_utils.o ABSOLUTE
    ../Src/main.c                            0x00000000   Number         0  main.o ABSOLUTE
    ../Src/stm32f1xx_hal_msp.c               0x00000000   Number         0  stm32f1xx_hal_msp.o ABSOLUTE
    ../Src/stm32f1xx_it.c                    0x00000000   Number         0  stm32f1xx_it.o ABSOLUTE
    ../clib/microlib/init/entry.s            0x00000000   Number         0  entry.o ABSOLUTE
    ../clib/microlib/init/entry.s            0x00000000   Number         0  entry9b.o ABSOLUTE
    ../clib/microlib/init/entry.s            0x00000000   Number         0  entry10b.o ABSOLUTE
    ../clib/microlib/init/entry.s            0x00000000   Number         0  entry11a.o ABSOLUTE
    ../clib/microlib/init/entry.s            0x00000000   Number         0  entry9a.o ABSOLUTE
    ../clib/microlib/init/entry.s            0x00000000   Number         0  entry11b.o ABSOLUTE
    ../clib/microlib/init/entry.s            0x00000000   Number         0  entry8a.o ABSOLUTE
    ../clib/microlib/init/entry.s            0x00000000   Number         0  entry7b.o ABSOLUTE
    ../clib/microlib/init/entry.s            0x00000000   Number         0  entry7a.o ABSOLUTE
    ../clib/microlib/init/entry.s            0x00000000   Number         0  entry5.o ABSOLUTE
    ../clib/microlib/init/entry.s            0x00000000   Number         0  entry8b.o ABSOLUTE
    ../clib/microlib/init/entry.s            0x00000000   Number         0  entry10a.o ABSOLUTE
    ../clib/microlib/init/entry.s            0x00000000   Number         0  entry2.o ABSOLUTE
    ../clib/microlib/longlong.c              0x00000000   Number         0  llushr.o ABSOLUTE
    ../clib/microlib/longlong.c              0x00000000   Number         0  llsshr.o ABSOLUTE
    ../clib/microlib/longlong.c              0x00000000   Number         0  llshl.o ABSOLUTE
    ../clib/microlib/string/memset.c         0x00000000   Number         0  memseta.o ABSOLUTE
    ../clib/microlib/stubs.s                 0x00000000   Number         0  iusefp.o ABSOLUTE
    ../fplib/microlib/d2f.c                  0x00000000   Number         0  d2f.o ABSOLUTE
    ../fplib/microlib/f2d.c                  0x00000000   Number         0  f2d.o ABSOLUTE
    ../fplib/microlib/fpadd.c                0x00000000   Number         0  fadd.o ABSOLUTE
    ../fplib/microlib/fpadd.c                0x00000000   Number         0  dadd.o ABSOLUTE
    ../fplib/microlib/fpdiv.c                0x00000000   Number         0  ddiv.o ABSOLUTE
    ../fplib/microlib/fpdiv.c                0x00000000   Number         0  fdiv.o ABSOLUTE
    ../fplib/microlib/fpepilogue.c           0x00000000   Number         0  depilogue.o ABSOLUTE
    ../fplib/microlib/fpepilogue.c           0x00000000   Number         0  fepilogue.o ABSOLUTE
    ../fplib/microlib/fpfix.c                0x00000000   Number         0  ffixi.o ABSOLUTE
    ../fplib/microlib/fpfix.c                0x00000000   Number         0  dfixi.o ABSOLUTE
    ../fplib/microlib/fpflt.c                0x00000000   Number         0  dflti.o ABSOLUTE
    ../fplib/microlib/fpflt.c                0x00000000   Number         0  ffltui.o ABSOLUTE
    ../fplib/microlib/fpflt.c                0x00000000   Number         0  fflti.o ABSOLUTE
    ../fplib/microlib/fpmul.c                0x00000000   Number         0  fmul.o ABSOLUTE
    ../fplib/microlib/fpmul.c                0x00000000   Number         0  dmul.o ABSOLUTE
    ..\Drivers\STM32F1xx_HAL_Driver\Src\stm32f1xx_hal.c 0x00000000   Number         0  stm32f1xx_hal.o ABSOLUTE
    ..\Drivers\STM32F1xx_HAL_Driver\Src\stm32f1xx_hal_adc.c 0x00000000   Number         0  stm32f1xx_hal_adc.o ABSOLUTE
    ..\Drivers\STM32F1xx_HAL_Driver\Src\stm32f1xx_hal_adc_ex.c 0x00000000   Number         0  stm32f1xx_hal_adc_ex.o ABSOLUTE
    ..\Drivers\STM32F1xx_HAL_Driver\Src\stm32f1xx_hal_cortex.c 0x00000000   Number         0  stm32f1xx_hal_cortex.o ABSOLUTE
    ..\Drivers\STM32F1xx_HAL_Driver\Src\stm32f1xx_hal_dma.c 0x00000000   Number         0  stm32f1xx_hal_dma.o ABSOLUTE
    ..\Drivers\STM32F1xx_HAL_Driver\Src\stm32f1xx_hal_flash.c 0x00000000   Number         0  stm32f1xx_hal_flash.o ABSOLUTE
    ..\Drivers\STM32F1xx_HAL_Driver\Src\stm32f1xx_hal_flash_ex.c 0x00000000   Number         0  stm32f1xx_hal_flash_ex.o ABSOLUTE
    ..\Drivers\STM32F1xx_HAL_Driver\Src\stm32f1xx_hal_gpio.c 0x00000000   Number         0  stm32f1xx_hal_gpio.o ABSOLUTE
    ..\Drivers\STM32F1xx_HAL_Driver\Src\stm32f1xx_hal_gpio_ex.c 0x00000000   Number         0  stm32f1xx_hal_gpio_ex.o ABSOLUTE
    ..\Drivers\STM32F1xx_HAL_Driver\Src\stm32f1xx_hal_i2c.c 0x00000000   Number         0  stm32f1xx_hal_i2c.o ABSOLUTE
    ..\Drivers\STM32F1xx_HAL_Driver\Src\stm32f1xx_hal_iwdg.c 0x00000000   Number         0  stm32f1xx_hal_iwdg.o ABSOLUTE
    ..\Drivers\STM32F1xx_HAL_Driver\Src\stm32f1xx_hal_pwr.c 0x00000000   Number         0  stm32f1xx_hal_pwr.o ABSOLUTE
    ..\Drivers\STM32F1xx_HAL_Driver\Src\stm32f1xx_hal_rcc.c 0x00000000   Number         0  stm32f1xx_hal_rcc.o ABSOLUTE
    ..\Drivers\STM32F1xx_HAL_Driver\Src\stm32f1xx_hal_rcc_ex.c 0x00000000   Number         0  stm32f1xx_hal_rcc_ex.o ABSOLUTE
    ..\Drivers\STM32F1xx_HAL_Driver\Src\stm32f1xx_hal_tim.c 0x00000000   Number         0  stm32f1xx_hal_tim.o ABSOLUTE
    ..\Drivers\STM32F1xx_HAL_Driver\Src\stm32f1xx_hal_tim_ex.c 0x00000000   Number         0  stm32f1xx_hal_tim_ex.o ABSOLUTE
    ..\Drivers\STM32F1xx_HAL_Driver\Src\stm32f1xx_hal_uart.c 0x00000000   Number         0  stm32f1xx_hal_uart.o ABSOLUTE
    ..\Drivers\STM32F1xx_HAL_Driver\Src\stm32f1xx_ll_dma.c 0x00000000   Number         0  stm32f1xx_ll_dma.o ABSOLUTE
    ..\Drivers\STM32F1xx_HAL_Driver\Src\stm32f1xx_ll_exti.c 0x00000000   Number         0  stm32f1xx_ll_exti.o ABSOLUTE
    ..\Drivers\STM32F1xx_HAL_Driver\Src\stm32f1xx_ll_gpio.c 0x00000000   Number         0  stm32f1xx_ll_gpio.o ABSOLUTE
    ..\Drivers\STM32F1xx_HAL_Driver\Src\stm32f1xx_ll_rcc.c 0x00000000   Number         0  stm32f1xx_ll_rcc.o ABSOLUTE
    ..\Drivers\STM32F1xx_HAL_Driver\Src\stm32f1xx_ll_tim.c 0x00000000   Number         0  stm32f1xx_ll_tim.o ABSOLUTE
    ..\Drivers\STM32F1xx_HAL_Driver\Src\stm32f1xx_ll_utils.c 0x00000000   Number         0  stm32f1xx_ll_utils.o ABSOLUTE
    ..\Src\battery.c                         0x00000000   Number         0  battery.o ABSOLUTE
    ..\Src\bluetooth.c                       0x00000000   Number         0  bluetooth.o ABSOLUTE
    ..\Src\led.c                             0x00000000   Number         0  led.o ABSOLUTE
    ..\Src\main.c                            0x00000000   Number         0  main.o ABSOLUTE
    ..\Src\mecanum.c                         0x00000000   Number         0  mecanum.o ABSOLUTE
    ..\Src\motor.c                           0x00000000   Number         0  motor.o ABSOLUTE
    ..\Src\mpu9250.c                         0x00000000   Number         0  mpu9250.o ABSOLUTE
    ..\Src\stm32f1xx_hal_msp.c               0x00000000   Number         0  stm32f1xx_hal_msp.o ABSOLUTE
    ..\Src\stm32f1xx_it.c                    0x00000000   Number         0  stm32f1xx_it.o ABSOLUTE
    ..\\Src\\battery.c                       0x00000000   Number         0  battery.o ABSOLUTE
    ..\\Src\\bluetooth.c                     0x00000000   Number         0  bluetooth.o ABSOLUTE
    ..\\Src\\led.c                           0x00000000   Number         0  led.o ABSOLUTE
    ..\\Src\\mecanum.c                       0x00000000   Number         0  mecanum.o ABSOLUTE
    ..\\Src\\motor.c                         0x00000000   Number         0  motor.o ABSOLUTE
    ..\\Src\\mpu9250.c                       0x00000000   Number         0  mpu9250.o ABSOLUTE
    ..\\Src\system_stm32f1xx.c               0x00000000   Number         0  system_stm32f1xx.o ABSOLUTE
    cfrcmple.s                               0x00000000   Number         0  cfrcmple.o ABSOLUTE
    dc.s                                     0x00000000   Number         0  dc.o ABSOLUTE
    handlers.s                               0x00000000   Number         0  handlers.o ABSOLUTE
    init.s                                   0x00000000   Number         0  init.o ABSOLUTE
    startup_stm32f103xe.s                    0x00000000   Number         0  startup_stm32f103xe.o ABSOLUTE
    RESET                                    0x08000000   Section      304  startup_stm32f103xe.o(RESET)
    .ARM.Collect$$$$00000000                 0x08000130   Section        0  entry.o(.ARM.Collect$$$$00000000)
    .ARM.Collect$$$$00000001                 0x08000130   Section        4  entry2.o(.ARM.Collect$$$$00000001)
    .ARM.Collect$$$$00000004                 0x08000134   Section        4  entry5.o(.ARM.Collect$$$$00000004)
    .ARM.Collect$$$$00000008                 0x08000138   Section        0  entry7b.o(.ARM.Collect$$$$00000008)
    .ARM.Collect$$$$0000000A                 0x08000138   Section        0  entry8b.o(.ARM.Collect$$$$0000000A)
    .ARM.Collect$$$$0000000B                 0x08000138   Section        8  entry9a.o(.ARM.Collect$$$$0000000B)
    .ARM.Collect$$$$0000000D                 0x08000140   Section        0  entry10a.o(.ARM.Collect$$$$0000000D)
    .ARM.Collect$$$$0000000F                 0x08000140   Section        0  entry11a.o(.ARM.Collect$$$$0000000F)
    .ARM.Collect$$$$00002712                 0x08000140   Section        4  entry2.o(.ARM.Collect$$$$00002712)
    __lit__00000000                          0x08000140   Data           4  entry2.o(.ARM.Collect$$$$00002712)
    .text                                    0x08000144   Section       36  startup_stm32f103xe.o(.text)
    .text                                    0x08000168   Section        0  llushr.o(.text)
    .text                                    0x08000188   Section        0  memseta.o(.text)
    .text                                    0x080001ac   Section        0  fadd.o(.text)
    .text                                    0x0800025c   Section        0  fmul.o(.text)
    .text                                    0x080002c0   Section        0  fdiv.o(.text)
    .text                                    0x0800033c   Section        0  dadd.o(.text)
    .text                                    0x0800048a   Section        0  dmul.o(.text)
    .text                                    0x0800056e   Section        0  fflti.o(.text)
    .text                                    0x08000580   Section        0  ffltui.o(.text)
    .text                                    0x0800058a   Section        0  ffixi.o(.text)
    .text                                    0x080005bc   Section        0  f2d.o(.text)
    .text                                    0x080005e2   Section        0  d2f.o(.text)
    .text                                    0x0800061c   Section       20  cfrcmple.o(.text)
    .text                                    0x08000630   Section        0  llshl.o(.text)
    .text                                    0x0800064e   Section        0  llsshr.o(.text)
    .text                                    0x08000672   Section        0  iusefp.o(.text)
    .text                                    0x08000672   Section        0  fepilogue.o(.text)
    .text                                    0x080006e0   Section        0  depilogue.o(.text)
    .text                                    0x0800079c   Section       36  init.o(.text)
    i.ADC1_2_IRQHandler                      0x080007c0   Section        0  stm32f1xx_it.o(i.ADC1_2_IRQHandler)
    i.ADC_ConversionStop_Disable             0x080007cc   Section        0  stm32f1xx_hal_adc.o(i.ADC_ConversionStop_Disable)
    i.ADC_Enable                             0x08000818   Section        0  stm32f1xx_hal_adc.o(i.ADC_Enable)
    i.BusFault_Handler                       0x08000888   Section        0  stm32f1xx_it.o(i.BusFault_Handler)
    i.Check_volt                             0x0800088c   Section        0  battery.o(i.Check_volt)
    i.DMA1_Channel6_IRQHandler               0x080008f0   Section        0  stm32f1xx_it.o(i.DMA1_Channel6_IRQHandler)
    i.DMA1_Channel7_IRQHandler               0x080008fc   Section        0  stm32f1xx_it.o(i.DMA1_Channel7_IRQHandler)
    i.DMA_SetConfig                          0x08000908   Section        0  stm32f1xx_hal_dma.o(i.DMA_SetConfig)
    DMA_SetConfig                            0x08000909   Thumb Code    42  stm32f1xx_hal_dma.o(i.DMA_SetConfig)
    i.DebugMon_Handler                       0x08000932   Section        0  stm32f1xx_it.o(i.DebugMon_Handler)
    i.EXTI15_10_IRQHandler                   0x08000934   Section        0  motor.o(i.EXTI15_10_IRQHandler)
    i.EXTI2_IRQHandler                       0x08000978   Section        0  motor.o(i.EXTI2_IRQHandler)
    i.Error_Handler                          0x080009bc   Section        0  main.o(i.Error_Handler)
    i.Get_cnt                                0x080009c0   Section        0  motor.o(i.Get_cnt)
    i.HAL_ADCEx_InjectedConvCpltCallback     0x08000a1c   Section        0  stm32f1xx_hal_adc_ex.o(i.HAL_ADCEx_InjectedConvCpltCallback)
    i.HAL_ADC_ConfigChannel                  0x08000a20   Section        0  stm32f1xx_hal_adc.o(i.HAL_ADC_ConfigChannel)
    i.HAL_ADC_ConvCpltCallback               0x08000b1c   Section        0  battery.o(i.HAL_ADC_ConvCpltCallback)
    i.HAL_ADC_GetValue                       0x08000b44   Section        0  stm32f1xx_hal_adc.o(i.HAL_ADC_GetValue)
    i.HAL_ADC_IRQHandler                     0x08000b4a   Section        0  stm32f1xx_hal_adc.o(i.HAL_ADC_IRQHandler)
    i.HAL_ADC_Init                           0x08000c30   Section        0  stm32f1xx_hal_adc.o(i.HAL_ADC_Init)
    i.HAL_ADC_LevelOutOfWindowCallback       0x08000d50   Section        0  stm32f1xx_hal_adc.o(i.HAL_ADC_LevelOutOfWindowCallback)
    i.HAL_ADC_MspInit                        0x08000d54   Section        0  stm32f1xx_hal_msp.o(i.HAL_ADC_MspInit)
    i.HAL_ADC_Start_IT                       0x08000dbc   Section        0  stm32f1xx_hal_adc.o(i.HAL_ADC_Start_IT)
    i.HAL_DMA_Abort_IT                       0x08000e88   Section        0  stm32f1xx_hal_dma.o(i.HAL_DMA_Abort_IT)
    i.HAL_DMA_IRQHandler                     0x08000fb8   Section        0  stm32f1xx_hal_dma.o(i.HAL_DMA_IRQHandler)
    i.HAL_DMA_Init                           0x08001200   Section        0  stm32f1xx_hal_dma.o(i.HAL_DMA_Init)
    i.HAL_DMA_Start_IT                       0x0800127c   Section        0  stm32f1xx_hal_dma.o(i.HAL_DMA_Start_IT)
    i.HAL_GPIO_Init                          0x080012ec   Section        0  stm32f1xx_hal_gpio.o(i.HAL_GPIO_Init)
    i.HAL_GPIO_ReadPin                       0x080014d4   Section        0  stm32f1xx_hal_gpio.o(i.HAL_GPIO_ReadPin)
    i.HAL_GPIO_TogglePin                     0x080014de   Section        0  stm32f1xx_hal_gpio.o(i.HAL_GPIO_TogglePin)
    i.HAL_GPIO_WritePin                      0x080014e6   Section        0  stm32f1xx_hal_gpio.o(i.HAL_GPIO_WritePin)
    i.HAL_GetTick                            0x080014f0   Section        0  stm32f1xx_hal.o(i.HAL_GetTick)
    i.HAL_I2C_AbortCpltCallback              0x080014fc   Section        0  stm32f1xx_hal_i2c.o(i.HAL_I2C_AbortCpltCallback)
    i.HAL_I2C_AddrCallback                   0x080014fe   Section        0  stm32f1xx_hal_i2c.o(i.HAL_I2C_AddrCallback)
    i.HAL_I2C_EV_IRQHandler                  0x08001500   Section        0  stm32f1xx_hal_i2c.o(i.HAL_I2C_EV_IRQHandler)
    i.HAL_I2C_ErrorCallback                  0x080016f0   Section        0  stm32f1xx_hal_i2c.o(i.HAL_I2C_ErrorCallback)
    i.HAL_I2C_Init                           0x080016f4   Section        0  stm32f1xx_hal_i2c.o(i.HAL_I2C_Init)
    i.HAL_I2C_ListenCpltCallback             0x08001834   Section        0  stm32f1xx_hal_i2c.o(i.HAL_I2C_ListenCpltCallback)
    i.HAL_I2C_MasterRxCpltCallback           0x08001836   Section        0  stm32f1xx_hal_i2c.o(i.HAL_I2C_MasterRxCpltCallback)
    i.HAL_I2C_MasterTxCpltCallback           0x08001838   Section        0  stm32f1xx_hal_i2c.o(i.HAL_I2C_MasterTxCpltCallback)
    i.HAL_I2C_MemRxCpltCallback              0x0800183a   Section        0  stm32f1xx_hal_i2c.o(i.HAL_I2C_MemRxCpltCallback)
    i.HAL_I2C_MemTxCpltCallback              0x0800183c   Section        0  stm32f1xx_hal_i2c.o(i.HAL_I2C_MemTxCpltCallback)
    i.HAL_I2C_MspInit                        0x08001840   Section        0  stm32f1xx_hal_msp.o(i.HAL_I2C_MspInit)
    i.HAL_I2C_SlaveRxCpltCallback            0x080018c0   Section        0  stm32f1xx_hal_i2c.o(i.HAL_I2C_SlaveRxCpltCallback)
    i.HAL_I2C_SlaveTxCpltCallback            0x080018c2   Section        0  stm32f1xx_hal_i2c.o(i.HAL_I2C_SlaveTxCpltCallback)
    i.HAL_IncTick                            0x080018c4   Section        0  stm32f1xx_hal.o(i.HAL_IncTick)
    i.HAL_Init                               0x080018d4   Section        0  stm32f1xx_hal.o(i.HAL_Init)
    i.HAL_InitTick                           0x080018f8   Section        0  stm32f1xx_hal.o(i.HAL_InitTick)
    i.HAL_MspInit                            0x08001938   Section        0  stm32f1xx_hal_msp.o(i.HAL_MspInit)
    i.HAL_NVIC_EnableIRQ                     0x08001974   Section        0  stm32f1xx_hal_cortex.o(i.HAL_NVIC_EnableIRQ)
    i.HAL_NVIC_SetPriority                   0x0800198c   Section        0  stm32f1xx_hal_cortex.o(i.HAL_NVIC_SetPriority)
    i.HAL_NVIC_SetPriorityGrouping           0x080019cc   Section        0  stm32f1xx_hal_cortex.o(i.HAL_NVIC_SetPriorityGrouping)
    i.HAL_RCCEx_PeriphCLKConfig              0x080019f0   Section        0  stm32f1xx_hal_rcc_ex.o(i.HAL_RCCEx_PeriphCLKConfig)
    i.HAL_RCC_ClockConfig                    0x08001adc   Section        0  stm32f1xx_hal_rcc.o(i.HAL_RCC_ClockConfig)
    i.HAL_RCC_GetPCLK1Freq                   0x08001c48   Section        0  stm32f1xx_hal_rcc.o(i.HAL_RCC_GetPCLK1Freq)
    i.HAL_RCC_GetPCLK2Freq                   0x08001c68   Section        0  stm32f1xx_hal_rcc.o(i.HAL_RCC_GetPCLK2Freq)
    i.HAL_RCC_GetSysClockFreq                0x08001c88   Section        0  stm32f1xx_hal_rcc.o(i.HAL_RCC_GetSysClockFreq)
    i.HAL_RCC_OscConfig                      0x08001cf4   Section        0  stm32f1xx_hal_rcc.o(i.HAL_RCC_OscConfig)
    i.HAL_SYSTICK_Config                     0x08001ff8   Section        0  stm32f1xx_hal_cortex.o(i.HAL_SYSTICK_Config)
    i.HAL_TIMEx_ConfigBreakDeadTime          0x08002020   Section        0  stm32f1xx_hal_tim_ex.o(i.HAL_TIMEx_ConfigBreakDeadTime)
    i.HAL_TIMEx_MasterConfigSynchronization  0x0800207a   Section        0  stm32f1xx_hal_tim_ex.o(i.HAL_TIMEx_MasterConfigSynchronization)
    i.HAL_TIM_Base_Init                      0x080020ca   Section        0  stm32f1xx_hal_tim.o(i.HAL_TIM_Base_Init)
    i.HAL_TIM_Base_MspInit                   0x08002100   Section        0  stm32f1xx_hal_msp.o(i.HAL_TIM_Base_MspInit)
    i.HAL_TIM_ConfigClockSource              0x08002158   Section        0  stm32f1xx_hal_tim.o(i.HAL_TIM_ConfigClockSource)
    i.HAL_TIM_Encoder_Init                   0x0800224a   Section        0  stm32f1xx_hal_tim.o(i.HAL_TIM_Encoder_Init)
    i.HAL_TIM_Encoder_MspInit                0x080022e0   Section        0  stm32f1xx_hal_msp.o(i.HAL_TIM_Encoder_MspInit)
    i.HAL_TIM_Encoder_Start                  0x080023b8   Section        0  stm32f1xx_hal_tim.o(i.HAL_TIM_Encoder_Start)
    i.HAL_TIM_MspPostInit                    0x080023ec   Section        0  stm32f1xx_hal_msp.o(i.HAL_TIM_MspPostInit)
    i.HAL_TIM_PWM_ConfigChannel              0x0800247c   Section        0  stm32f1xx_hal_tim.o(i.HAL_TIM_PWM_ConfigChannel)
    i.HAL_TIM_PWM_Init                       0x0800254c   Section        0  stm32f1xx_hal_tim.o(i.HAL_TIM_PWM_Init)
    i.HAL_TIM_PWM_MspInit                    0x08002582   Section        0  stm32f1xx_hal_tim.o(i.HAL_TIM_PWM_MspInit)
    i.HAL_UART_ErrorCallback                 0x08002584   Section        0  stm32f1xx_hal_uart.o(i.HAL_UART_ErrorCallback)
    i.HAL_UART_IRQHandler                    0x08002588   Section        0  stm32f1xx_hal_uart.o(i.HAL_UART_IRQHandler)
    i.HAL_UART_Init                          0x08002698   Section        0  stm32f1xx_hal_uart.o(i.HAL_UART_Init)
    i.HAL_UART_MspInit                       0x080026fc   Section        0  stm32f1xx_hal_msp.o(i.HAL_UART_MspInit)
    i.HAL_UART_Receive_DMA                   0x080027d4   Section        0  stm32f1xx_hal_uart.o(i.HAL_UART_Receive_DMA)
    i.HAL_UART_RxCpltCallback                0x0800286c   Section        0  bluetooth.o(i.HAL_UART_RxCpltCallback)
    i.HAL_UART_RxHalfCpltCallback            0x080028a0   Section        0  stm32f1xx_hal_uart.o(i.HAL_UART_RxHalfCpltCallback)
    i.HAL_UART_TxCpltCallback                0x080028a2   Section        0  bluetooth.o(i.HAL_UART_TxCpltCallback)
    i.HardFault_Handler                      0x080028a4   Section        0  stm32f1xx_it.o(i.HardFault_Handler)
    i.I2C1_EV_IRQHandler                     0x080028a8   Section        0  stm32f1xx_it.o(i.I2C1_EV_IRQHandler)
    i.I2C_DMAAbort                           0x080028b4   Section        0  stm32f1xx_hal_i2c.o(i.I2C_DMAAbort)
    I2C_DMAAbort                             0x080028b5   Thumb Code    78  stm32f1xx_hal_i2c.o(i.I2C_DMAAbort)
    i.I2C_ITError                            0x08002904   Section        0  stm32f1xx_hal_i2c.o(i.I2C_ITError)
    I2C_ITError                              0x08002905   Thumb Code   284  stm32f1xx_hal_i2c.o(i.I2C_ITError)
    i.I2C_MasterReceive_BTF                  0x08002a28   Section        0  stm32f1xx_hal_i2c.o(i.I2C_MasterReceive_BTF)
    I2C_MasterReceive_BTF                    0x08002a29   Thumb Code   194  stm32f1xx_hal_i2c.o(i.I2C_MasterReceive_BTF)
    i.I2C_MasterReceive_RXNE                 0x08002af0   Section        0  stm32f1xx_hal_i2c.o(i.I2C_MasterReceive_RXNE)
    I2C_MasterReceive_RXNE                   0x08002af1   Thumb Code   174  stm32f1xx_hal_i2c.o(i.I2C_MasterReceive_RXNE)
    i.I2C_MasterTransmit_BTF                 0x08002b9e   Section        0  stm32f1xx_hal_i2c.o(i.I2C_MasterTransmit_BTF)
    I2C_MasterTransmit_BTF                   0x08002b9f   Thumb Code   128  stm32f1xx_hal_i2c.o(i.I2C_MasterTransmit_BTF)
    i.I2C_MasterTransmit_TXE                 0x08002c20   Section        0  stm32f1xx_hal_i2c.o(i.I2C_MasterTransmit_TXE)
    I2C_MasterTransmit_TXE                   0x08002c21   Thumb Code   264  stm32f1xx_hal_i2c.o(i.I2C_MasterTransmit_TXE)
    i.I2C_Master_ADDR                        0x08002d28   Section        0  stm32f1xx_hal_i2c.o(i.I2C_Master_ADDR)
    I2C_Master_ADDR                          0x08002d29   Thumb Code   282  stm32f1xx_hal_i2c.o(i.I2C_Master_ADDR)
    i.I2C_Master_SB                          0x08002e42   Section        0  stm32f1xx_hal_i2c.o(i.I2C_Master_SB)
    I2C_Master_SB                            0x08002e43   Thumb Code    90  stm32f1xx_hal_i2c.o(i.I2C_Master_SB)
    i.I2C_Slave_STOPF                        0x08002e9c   Section        0  stm32f1xx_hal_i2c.o(i.I2C_Slave_STOPF)
    I2C_Slave_STOPF                          0x08002e9d   Thumb Code   214  stm32f1xx_hal_i2c.o(i.I2C_Slave_STOPF)
    i.LL_APB2_GRP1_EnableClock               0x08002f78   Section        0  main.o(i.LL_APB2_GRP1_EnableClock)
    LL_APB2_GRP1_EnableClock                 0x08002f79   Thumb Code    18  main.o(i.LL_APB2_GRP1_EnableClock)
    i.LL_GPIO_Init                           0x08002f90   Section        0  stm32f1xx_ll_gpio.o(i.LL_GPIO_Init)
    i.LL_GPIO_SetPinMode                     0x08003080   Section        0  motor.o(i.LL_GPIO_SetPinMode)
    LL_GPIO_SetPinMode                       0x08003081   Thumb Code    42  motor.o(i.LL_GPIO_SetPinMode)
    i.LL_TIM_BDTR_Init                       0x080030aa   Section        0  stm32f1xx_ll_tim.o(i.LL_TIM_BDTR_Init)
    i.LL_TIM_Init                            0x080030e4   Section        0  stm32f1xx_ll_tim.o(i.LL_TIM_Init)
    i.LL_TIM_OC_DisableFast                  0x08003170   Section        0  main.o(i.LL_TIM_OC_DisableFast)
    LL_TIM_OC_DisableFast                    0x08003171   Thumb Code    80  main.o(i.LL_TIM_OC_DisableFast)
    i.LL_TIM_OC_EnablePreload                0x080031c4   Section        0  main.o(i.LL_TIM_OC_EnablePreload)
    LL_TIM_OC_EnablePreload                  0x080031c5   Thumb Code    80  main.o(i.LL_TIM_OC_EnablePreload)
    i.LL_TIM_OC_Init                         0x08003218   Section        0  stm32f1xx_ll_tim.o(i.LL_TIM_OC_Init)
    i.LL_TIM_OC_SetPolarity                  0x080033e0   Section        0  motor.o(i.LL_TIM_OC_SetPolarity)
    LL_TIM_OC_SetPolarity                    0x080033e1   Thumb Code    76  motor.o(i.LL_TIM_OC_SetPolarity)
    i.Led_task                               0x08003430   Section        0  led.o(i.Led_task)
    i.MX_ADC1_Init                           0x08003464   Section        0  main.o(i.MX_ADC1_Init)
    MX_ADC1_Init                             0x08003465   Thumb Code    66  main.o(i.MX_ADC1_Init)
    i.MX_GPIO_Init                           0x080034b0   Section        0  main.o(i.MX_GPIO_Init)
    MX_GPIO_Init                             0x080034b1   Thumb Code   402  main.o(i.MX_GPIO_Init)
    i.MX_TIM1_Init                           0x08003660   Section        0  main.o(i.MX_TIM1_Init)
    MX_TIM1_Init                             0x08003661   Thumb Code   346  main.o(i.MX_TIM1_Init)
    i.MX_TIM2_Init                           0x080037d0   Section        0  main.o(i.MX_TIM2_Init)
    MX_TIM2_Init                             0x080037d1   Thumb Code   142  main.o(i.MX_TIM2_Init)
    i.MX_TIM3_Init                           0x08003864   Section        0  main.o(i.MX_TIM3_Init)
    MX_TIM3_Init                             0x08003865   Thumb Code    94  main.o(i.MX_TIM3_Init)
    i.MX_TIM4_Init                           0x080038cc   Section        0  main.o(i.MX_TIM4_Init)
    MX_TIM4_Init                             0x080038cd   Thumb Code    94  main.o(i.MX_TIM4_Init)
    i.MX_TIM5_Init                           0x08003934   Section        0  main.o(i.MX_TIM5_Init)
    MX_TIM5_Init                             0x08003935   Thumb Code    94  main.o(i.MX_TIM5_Init)
    i.MX_TIM8_Init                           0x0800399c   Section        0  main.o(i.MX_TIM8_Init)
    MX_TIM8_Init                             0x0800399d   Thumb Code   228  main.o(i.MX_TIM8_Init)
    i.MemManage_Handler                      0x08003a88   Section        0  stm32f1xx_it.o(i.MemManage_Handler)
    i.Motor_PID_Enable                       0x08003a8c   Section        0  motor.o(i.Motor_PID_Enable)
    i.Motor_lock                             0x08003ad8   Section        0  motor.o(i.Motor_lock)
    i.Motor_task                             0x08003b68   Section        0  motor.o(i.Motor_task)
    i.NMI_Handler                            0x080040e4   Section        0  stm32f1xx_it.o(i.NMI_Handler)
    i.NVIC_SetPriority                       0x080040e6   Section        0  stm32f1xx_hal_cortex.o(i.NVIC_SetPriority)
    NVIC_SetPriority                         0x080040e7   Thumb Code    32  stm32f1xx_hal_cortex.o(i.NVIC_SetPriority)
    i.PendSV_Handler                         0x08004106   Section        0  stm32f1xx_it.o(i.PendSV_Handler)
    i.SVC_Handler                            0x08004108   Section        0  stm32f1xx_it.o(i.SVC_Handler)
    i.Set_blink                              0x0800410c   Section        0  led.o(i.Set_blink)
    i.SysTick_Handler                        0x0800412c   Section        0  stm32f1xx_it.o(i.SysTick_Handler)
    i.SystemClock_Config                     0x08004130   Section        0  main.o(i.SystemClock_Config)
    i.SystemInit                             0x080041ac   Section        0  system_stm32f1xx.o(i.SystemInit)
    i.TIM_Base_SetConfig                     0x080041f4   Section        0  stm32f1xx_hal_tim.o(i.TIM_Base_SetConfig)
    i.TIM_CCxChannelCmd                      0x08004280   Section        0  stm32f1xx_hal_tim.o(i.TIM_CCxChannelCmd)
    i.TIM_ETR_SetConfig                      0x08004296   Section        0  stm32f1xx_hal_tim.o(i.TIM_ETR_SetConfig)
    TIM_ETR_SetConfig                        0x08004297   Thumb Code    20  stm32f1xx_hal_tim.o(i.TIM_ETR_SetConfig)
    i.TIM_ITRx_SetConfig                     0x080042aa   Section        0  stm32f1xx_hal_tim.o(i.TIM_ITRx_SetConfig)
    TIM_ITRx_SetConfig                       0x080042ab   Thumb Code    16  stm32f1xx_hal_tim.o(i.TIM_ITRx_SetConfig)
    i.TIM_OC1_SetConfig                      0x080042bc   Section        0  stm32f1xx_hal_tim.o(i.TIM_OC1_SetConfig)
    TIM_OC1_SetConfig                        0x080042bd   Thumb Code    88  stm32f1xx_hal_tim.o(i.TIM_OC1_SetConfig)
    i.TIM_OC2_SetConfig                      0x0800431c   Section        0  stm32f1xx_hal_tim.o(i.TIM_OC2_SetConfig)
    i.TIM_OC3_SetConfig                      0x08004388   Section        0  stm32f1xx_hal_tim.o(i.TIM_OC3_SetConfig)
    TIM_OC3_SetConfig                        0x08004389   Thumb Code    96  stm32f1xx_hal_tim.o(i.TIM_OC3_SetConfig)
    i.TIM_OC4_SetConfig                      0x080043f0   Section        0  stm32f1xx_hal_tim.o(i.TIM_OC4_SetConfig)
    TIM_OC4_SetConfig                        0x080043f1   Thumb Code    70  stm32f1xx_hal_tim.o(i.TIM_OC4_SetConfig)
    i.TIM_TI1_ConfigInputStage               0x08004440   Section        0  stm32f1xx_hal_tim.o(i.TIM_TI1_ConfigInputStage)
    TIM_TI1_ConfigInputStage                 0x08004441   Thumb Code    34  stm32f1xx_hal_tim.o(i.TIM_TI1_ConfigInputStage)
    i.TIM_TI2_ConfigInputStage               0x08004462   Section        0  stm32f1xx_hal_tim.o(i.TIM_TI2_ConfigInputStage)
    TIM_TI2_ConfigInputStage                 0x08004463   Thumb Code    36  stm32f1xx_hal_tim.o(i.TIM_TI2_ConfigInputStage)
    i.UART_DMAAbortOnError                   0x08004486   Section        0  stm32f1xx_hal_uart.o(i.UART_DMAAbortOnError)
    UART_DMAAbortOnError                     0x08004487   Thumb Code    16  stm32f1xx_hal_uart.o(i.UART_DMAAbortOnError)
    i.UART_DMAError                          0x08004496   Section        0  stm32f1xx_hal_uart.o(i.UART_DMAError)
    UART_DMAError                            0x08004497   Thumb Code    74  stm32f1xx_hal_uart.o(i.UART_DMAError)
    i.UART_DMAReceiveCplt                    0x080044e0   Section        0  stm32f1xx_hal_uart.o(i.UART_DMAReceiveCplt)
    UART_DMAReceiveCplt                      0x080044e1   Thumb Code    60  stm32f1xx_hal_uart.o(i.UART_DMAReceiveCplt)
    i.UART_DMARxHalfCplt                     0x0800451c   Section        0  stm32f1xx_hal_uart.o(i.UART_DMARxHalfCplt)
    UART_DMARxHalfCplt                       0x0800451d   Thumb Code    10  stm32f1xx_hal_uart.o(i.UART_DMARxHalfCplt)
    i.UART_EndRxTransfer                     0x08004526   Section        0  stm32f1xx_hal_uart.o(i.UART_EndRxTransfer)
    UART_EndRxTransfer                       0x08004527   Thumb Code    28  stm32f1xx_hal_uart.o(i.UART_EndRxTransfer)
    i.UART_EndTxTransfer                     0x08004542   Section        0  stm32f1xx_hal_uart.o(i.UART_EndTxTransfer)
    UART_EndTxTransfer                       0x08004543   Thumb Code    18  stm32f1xx_hal_uart.o(i.UART_EndTxTransfer)
    i.UART_Receive_IT                        0x08004554   Section        0  stm32f1xx_hal_uart.o(i.UART_Receive_IT)
    UART_Receive_IT                          0x08004555   Thumb Code   150  stm32f1xx_hal_uart.o(i.UART_Receive_IT)
    i.UART_SetConfig                         0x080045ec   Section        0  stm32f1xx_hal_uart.o(i.UART_SetConfig)
    UART_SetConfig                           0x080045ed   Thumb Code   364  stm32f1xx_hal_uart.o(i.UART_SetConfig)
    i.UART_Transmit_IT                       0x0800475c   Section        0  stm32f1xx_hal_uart.o(i.UART_Transmit_IT)
    UART_Transmit_IT                         0x0800475d   Thumb Code    98  stm32f1xx_hal_uart.o(i.UART_Transmit_IT)
    i.USART2_IRQHandler                      0x080047c0   Section        0  stm32f1xx_it.o(i.USART2_IRQHandler)
    i.UsageFault_Handler                     0x080047cc   Section        0  stm32f1xx_it.o(i.UsageFault_Handler)
    i.__scatterload_copy                     0x080047ce   Section       14  handlers.o(i.__scatterload_copy)
    i.__scatterload_null                     0x080047dc   Section        2  handlers.o(i.__scatterload_null)
    i.__scatterload_zeroinit                 0x080047de   Section       14  handlers.o(i.__scatterload_zeroinit)
    i.cal_mecanum                            0x080047ec   Section        0  mecanum.o(i.cal_mecanum)
    i.main                                   0x080048b4   Section        0  main.o(i.main)
    i.pid_Motor_Init                         0x08004a9c   Section        0  motor.o(i.pid_Motor_Init)
    pid_Motor_Init                           0x08004a9d   Thumb Code   270  motor.o(i.pid_Motor_Init)
    i.usart_task                             0x08004bd8   Section        0  bluetooth.o(i.usart_task)
    i.user_Motor_Init                        0x08004c9c   Section        0  motor.o(i.user_Motor_Init)
    .constdata                               0x08004d14   Section        7  motor.o(.constdata)
    SHIFT_TAB_CCxP                           0x08004d14   Data           7  motor.o(.constdata)
    .constdata                               0x08004d1b   Section       14  main.o(.constdata)
    OFFSET_TAB_CCMRx                         0x08004d1b   Data           7  main.o(.constdata)
    SHIFT_TAB_OCxx                           0x08004d22   Data           7  main.o(.constdata)
    .constdata                               0x08004d29   Section       16  system_stm32f1xx.o(.constdata)
    .constdata                               0x08004d39   Section        8  system_stm32f1xx.o(.constdata)
    .data                                    0x20000000   Section       12  led.o(.data)
    time_next                                0x20000008   Data           4  led.o(.data)
    .data                                    0x2000000c   Section        8  motor.o(.data)
    time_next                                0x20000010   Data           4  motor.o(.data)
    .data                                    0x20000014   Section       18  battery.o(.data)
    i                                        0x20000014   Data           1  battery.o(.data)
    time_next                                0x20000018   Data           4  battery.o(.data)
    .data                                    0x20000026   Section        9  bluetooth.o(.data)
    .data                                    0x20000030   Section        8  main.o(.data)
    .data                                    0x20000038   Section       12  stm32f1xx_hal.o(.data)
    .data                                    0x20000044   Section        4  system_stm32f1xx.o(.data)
    .bss                                     0x20000048   Section       16  motor.o(.bss)
    .bss                                     0x20000058   Section      752  main.o(.bss)
    .bss                                     0x20000348   Section       68  main.o(.bss)
    .bss                                     0x2000038c   Section       68  main.o(.bss)
    STACK                                    0x200003d0   Section     1024  startup_stm32f103xe.o(STACK)

    Global Symbols

    Symbol Name                              Value     Ov Type        Size  Object(Section)

    BuildAttributes$$THM_ISAv4$P$D$K$B$S$PE$A:L22UL41UL21$X:L11$S22US41US21$IEEE1$IW$USESV6$~STKCKD$USESV7$~SHL$OTIME$ROPI$EBA8$MICROLIB$REQ8$PRES8$EABIv2 0x00000000   Number         0  anon$$obj.o ABSOLUTE
    __ARM_use_no_argv                        0x00000000   Number         0  main.o ABSOLUTE
    __cpp_initialize__aeabi_                  - Undefined Weak Reference
    __cxa_finalize                            - Undefined Weak Reference
    __decompress                              - Undefined Weak Reference
    _clock_init                               - Undefined Weak Reference
    _microlib_exit                            - Undefined Weak Reference
    __Vectors_Size                           0x00000130   Number         0  startup_stm32f103xe.o ABSOLUTE
    __Vectors                                0x08000000   Data           4  startup_stm32f103xe.o(RESET)
    __Vectors_End                            0x08000130   Data           0  startup_stm32f103xe.o(RESET)
    __main                                   0x08000131   Thumb Code     0  entry.o(.ARM.Collect$$$$00000000)
    _main_stk                                0x08000131   Thumb Code     0  entry2.o(.ARM.Collect$$$$00000001)
    _main_scatterload                        0x08000135   Thumb Code     0  entry5.o(.ARM.Collect$$$$00000004)
    __main_after_scatterload                 0x08000139   Thumb Code     0  entry5.o(.ARM.Collect$$$$00000004)
    _main_clock                              0x08000139   Thumb Code     0  entry7b.o(.ARM.Collect$$$$00000008)
    _main_cpp_init                           0x08000139   Thumb Code     0  entry8b.o(.ARM.Collect$$$$0000000A)
    _main_init                               0x08000139   Thumb Code     0  entry9a.o(.ARM.Collect$$$$0000000B)
    __rt_final_cpp                           0x08000141   Thumb Code     0  entry10a.o(.ARM.Collect$$$$0000000D)
    __rt_final_exit                          0x08000141   Thumb Code     0  entry11a.o(.ARM.Collect$$$$0000000F)
    Reset_Handler                            0x08000145   Thumb Code     8  startup_stm32f103xe.o(.text)
    ADC3_IRQHandler                          0x0800015f   Thumb Code     0  startup_stm32f103xe.o(.text)
    CAN1_RX1_IRQHandler                      0x0800015f   Thumb Code     0  startup_stm32f103xe.o(.text)
    CAN1_SCE_IRQHandler                      0x0800015f   Thumb Code     0  startup_stm32f103xe.o(.text)
    DMA1_Channel1_IRQHandler                 0x0800015f   Thumb Code     0  startup_stm32f103xe.o(.text)
    DMA1_Channel2_IRQHandler                 0x0800015f   Thumb Code     0  startup_stm32f103xe.o(.text)
    DMA1_Channel3_IRQHandler                 0x0800015f   Thumb Code     0  startup_stm32f103xe.o(.text)
    DMA1_Channel4_IRQHandler                 0x0800015f   Thumb Code     0  startup_stm32f103xe.o(.text)
    DMA1_Channel5_IRQHandler                 0x0800015f   Thumb Code     0  startup_stm32f103xe.o(.text)
    DMA2_Channel1_IRQHandler                 0x0800015f   Thumb Code     0  startup_stm32f103xe.o(.text)
    DMA2_Channel2_IRQHandler                 0x0800015f   Thumb Code     0  startup_stm32f103xe.o(.text)
    DMA2_Channel3_IRQHandler                 0x0800015f   Thumb Code     0  startup_stm32f103xe.o(.text)
    DMA2_Channel4_5_IRQHandler               0x0800015f   Thumb Code     0  startup_stm32f103xe.o(.text)
    EXTI0_IRQHandler                         0x0800015f   Thumb Code     0  startup_stm32f103xe.o(.text)
    EXTI1_IRQHandler                         0x0800015f   Thumb Code     0  startup_stm32f103xe.o(.text)
    EXTI3_IRQHandler                         0x0800015f   Thumb Code     0  startup_stm32f103xe.o(.text)
    EXTI4_IRQHandler                         0x0800015f   Thumb Code     0  startup_stm32f103xe.o(.text)
    EXTI9_5_IRQHandler                       0x0800015f   Thumb Code     0  startup_stm32f103xe.o(.text)
    FLASH_IRQHandler                         0x0800015f   Thumb Code     0  startup_stm32f103xe.o(.text)
    FSMC_IRQHandler                          0x0800015f   Thumb Code     0  startup_stm32f103xe.o(.text)
    I2C1_ER_IRQHandler                       0x0800015f   Thumb Code     0  startup_stm32f103xe.o(.text)
    I2C2_ER_IRQHandler                       0x0800015f   Thumb Code     0  startup_stm32f103xe.o(.text)
    I2C2_EV_IRQHandler                       0x0800015f   Thumb Code     0  startup_stm32f103xe.o(.text)
    PVD_IRQHandler                           0x0800015f   Thumb Code     0  startup_stm32f103xe.o(.text)
    RCC_IRQHandler                           0x0800015f   Thumb Code     0  startup_stm32f103xe.o(.text)
    RTC_Alarm_IRQHandler                     0x0800015f   Thumb Code     0  startup_stm32f103xe.o(.text)
    RTC_IRQHandler                           0x0800015f   Thumb Code     0  startup_stm32f103xe.o(.text)
    SDIO_IRQHandler                          0x0800015f   Thumb Code     0  startup_stm32f103xe.o(.text)
    SPI1_IRQHandler                          0x0800015f   Thumb Code     0  startup_stm32f103xe.o(.text)
    SPI2_IRQHandler                          0x0800015f   Thumb Code     0  startup_stm32f103xe.o(.text)
    SPI3_IRQHandler                          0x0800015f   Thumb Code     0  startup_stm32f103xe.o(.text)
    TAMPER_IRQHandler                        0x0800015f   Thumb Code     0  startup_stm32f103xe.o(.text)
    TIM1_BRK_IRQHandler                      0x0800015f   Thumb Code     0  startup_stm32f103xe.o(.text)
    TIM1_CC_IRQHandler                       0x0800015f   Thumb Code     0  startup_stm32f103xe.o(.text)
    TIM1_TRG_COM_IRQHandler                  0x0800015f   Thumb Code     0  startup_stm32f103xe.o(.text)
    TIM1_UP_IRQHandler                       0x0800015f   Thumb Code     0  startup_stm32f103xe.o(.text)
    TIM2_IRQHandler                          0x0800015f   Thumb Code     0  startup_stm32f103xe.o(.text)
    TIM3_IRQHandler                          0x0800015f   Thumb Code     0  startup_stm32f103xe.o(.text)
    TIM4_IRQHandler                          0x0800015f   Thumb Code     0  startup_stm32f103xe.o(.text)
    TIM5_IRQHandler                          0x0800015f   Thumb Code     0  startup_stm32f103xe.o(.text)
    TIM6_IRQHandler                          0x0800015f   Thumb Code     0  startup_stm32f103xe.o(.text)
    TIM7_IRQHandler                          0x0800015f   Thumb Code     0  startup_stm32f103xe.o(.text)
    TIM8_BRK_IRQHandler                      0x0800015f   Thumb Code     0  startup_stm32f103xe.o(.text)
    TIM8_CC_IRQHandler                       0x0800015f   Thumb Code     0  startup_stm32f103xe.o(.text)
    TIM8_TRG_COM_IRQHandler                  0x0800015f   Thumb Code     0  startup_stm32f103xe.o(.text)
    TIM8_UP_IRQHandler                       0x0800015f   Thumb Code     0  startup_stm32f103xe.o(.text)
    UART4_IRQHandler                         0x0800015f   Thumb Code     0  startup_stm32f103xe.o(.text)
    UART5_IRQHandler                         0x0800015f   Thumb Code     0  startup_stm32f103xe.o(.text)
    USART1_IRQHandler                        0x0800015f   Thumb Code     0  startup_stm32f103xe.o(.text)
    USART3_IRQHandler                        0x0800015f   Thumb Code     0  startup_stm32f103xe.o(.text)
    USBWakeUp_IRQHandler                     0x0800015f   Thumb Code     0  startup_stm32f103xe.o(.text)
    USB_HP_CAN1_TX_IRQHandler                0x0800015f   Thumb Code     0  startup_stm32f103xe.o(.text)
    USB_LP_CAN1_RX0_IRQHandler               0x0800015f   Thumb Code     0  startup_stm32f103xe.o(.text)
    WWDG_IRQHandler                          0x0800015f   Thumb Code     0  startup_stm32f103xe.o(.text)
    __aeabi_llsr                             0x08000169   Thumb Code    32  llushr.o(.text)
    _ll_ushift_r                             0x08000169   Thumb Code     0  llushr.o(.text)
    __aeabi_memset                           0x08000189   Thumb Code    14  memseta.o(.text)
    __aeabi_memset4                          0x08000189   Thumb Code     0  memseta.o(.text)
    __aeabi_memset8                          0x08000189   Thumb Code     0  memseta.o(.text)
    __aeabi_memclr                           0x08000197   Thumb Code     4  memseta.o(.text)
    __aeabi_memclr4                          0x08000197   Thumb Code     0  memseta.o(.text)
    __aeabi_memclr8                          0x08000197   Thumb Code     0  memseta.o(.text)
    _memset$wrapper                          0x0800019b   Thumb Code    18  memseta.o(.text)
    __aeabi_fadd                             0x080001ad   Thumb Code   164  fadd.o(.text)
    __aeabi_fsub                             0x08000251   Thumb Code     6  fadd.o(.text)
    __aeabi_frsub                            0x08000257   Thumb Code     6  fadd.o(.text)
    __aeabi_fmul                             0x0800025d   Thumb Code   100  fmul.o(.text)
    __aeabi_fdiv                             0x080002c1   Thumb Code   124  fdiv.o(.text)
    __aeabi_dadd                             0x0800033d   Thumb Code   322  dadd.o(.text)
    __aeabi_dsub                             0x0800047f   Thumb Code     6  dadd.o(.text)
    __aeabi_drsub                            0x08000485   Thumb Code     6  dadd.o(.text)
    __aeabi_dmul                             0x0800048b   Thumb Code   228  dmul.o(.text)
    __aeabi_i2f                              0x0800056f   Thumb Code    18  fflti.o(.text)
    __aeabi_ui2f                             0x08000581   Thumb Code    10  ffltui.o(.text)
    __aeabi_f2iz                             0x0800058b   Thumb Code    50  ffixi.o(.text)
    __aeabi_f2d                              0x080005bd   Thumb Code    38  f2d.o(.text)
    __aeabi_d2f                              0x080005e3   Thumb Code    56  d2f.o(.text)
    __aeabi_cfrcmple                         0x0800061d   Thumb Code    20  cfrcmple.o(.text)
    __aeabi_llsl                             0x08000631   Thumb Code    30  llshl.o(.text)
    _ll_shift_l                              0x08000631   Thumb Code     0  llshl.o(.text)
    __aeabi_lasr                             0x0800064f   Thumb Code    36  llsshr.o(.text)
    _ll_sshift_r                             0x0800064f   Thumb Code     0  llsshr.o(.text)
    __I$use$fp                               0x08000673   Thumb Code     0  iusefp.o(.text)
    _float_round                             0x08000673   Thumb Code    18  fepilogue.o(.text)
    _float_epilogue                          0x08000685   Thumb Code    92  fepilogue.o(.text)
    _double_round                            0x080006e1   Thumb Code    30  depilogue.o(.text)
    _double_epilogue                         0x080006ff   Thumb Code   156  depilogue.o(.text)
    __scatterload                            0x0800079d   Thumb Code    28  init.o(.text)
    __scatterload_rt2                        0x0800079d   Thumb Code     0  init.o(.text)
    ADC1_2_IRQHandler                        0x080007c1   Thumb Code     6  stm32f1xx_it.o(i.ADC1_2_IRQHandler)
    ADC_ConversionStop_Disable               0x080007cd   Thumb Code    76  stm32f1xx_hal_adc.o(i.ADC_ConversionStop_Disable)
    ADC_Enable                               0x08000819   Thumb Code   104  stm32f1xx_hal_adc.o(i.ADC_Enable)
    BusFault_Handler                         0x08000889   Thumb Code     2  stm32f1xx_it.o(i.BusFault_Handler)
    Check_volt                               0x0800088d   Thumb Code    90  battery.o(i.Check_volt)
    DMA1_Channel6_IRQHandler                 0x080008f1   Thumb Code     6  stm32f1xx_it.o(i.DMA1_Channel6_IRQHandler)
    DMA1_Channel7_IRQHandler                 0x080008fd   Thumb Code     6  stm32f1xx_it.o(i.DMA1_Channel7_IRQHandler)
    DebugMon_Handler                         0x08000933   Thumb Code     2  stm32f1xx_it.o(i.DebugMon_Handler)
    EXTI15_10_IRQHandler                     0x08000935   Thumb Code    52  motor.o(i.EXTI15_10_IRQHandler)
    EXTI2_IRQHandler                         0x08000979   Thumb Code    50  motor.o(i.EXTI2_IRQHandler)
    Error_Handler                            0x080009bd   Thumb Code     2  main.o(i.Error_Handler)
    Get_cnt                                  0x080009c1   Thumb Code    74  motor.o(i.Get_cnt)
    HAL_ADCEx_InjectedConvCpltCallback       0x08000a1d   Thumb Code     2  stm32f1xx_hal_adc_ex.o(i.HAL_ADCEx_InjectedConvCpltCallback)
    HAL_ADC_ConfigChannel                    0x08000a21   Thumb Code   240  stm32f1xx_hal_adc.o(i.HAL_ADC_ConfigChannel)
    HAL_ADC_ConvCpltCallback                 0x08000b1d   Thumb Code    36  battery.o(i.HAL_ADC_ConvCpltCallback)
    HAL_ADC_GetValue                         0x08000b45   Thumb Code     6  stm32f1xx_hal_adc.o(i.HAL_ADC_GetValue)
    HAL_ADC_IRQHandler                       0x08000b4b   Thumb Code   230  stm32f1xx_hal_adc.o(i.HAL_ADC_IRQHandler)
    HAL_ADC_Init                             0x08000c31   Thumb Code   272  stm32f1xx_hal_adc.o(i.HAL_ADC_Init)
    HAL_ADC_LevelOutOfWindowCallback         0x08000d51   Thumb Code     2  stm32f1xx_hal_adc.o(i.HAL_ADC_LevelOutOfWindowCallback)
    HAL_ADC_MspInit                          0x08000d55   Thumb Code    92  stm32f1xx_hal_msp.o(i.HAL_ADC_MspInit)
    HAL_ADC_Start_IT                         0x08000dbd   Thumb Code   194  stm32f1xx_hal_adc.o(i.HAL_ADC_Start_IT)
    HAL_DMA_Abort_IT                         0x08000e89   Thumb Code   296  stm32f1xx_hal_dma.o(i.HAL_DMA_Abort_IT)
    HAL_DMA_IRQHandler                       0x08000fb9   Thumb Code   552  stm32f1xx_hal_dma.o(i.HAL_DMA_IRQHandler)
    HAL_DMA_Init                             0x08001201   Thumb Code   112  stm32f1xx_hal_dma.o(i.HAL_DMA_Init)
    HAL_DMA_Start_IT                         0x0800127d   Thumb Code   112  stm32f1xx_hal_dma.o(i.HAL_DMA_Start_IT)
    HAL_GPIO_Init                            0x080012ed   Thumb Code   446  stm32f1xx_hal_gpio.o(i.HAL_GPIO_Init)
    HAL_GPIO_ReadPin                         0x080014d5   Thumb Code    10  stm32f1xx_hal_gpio.o(i.HAL_GPIO_ReadPin)
    HAL_GPIO_TogglePin                       0x080014df   Thumb Code     8  stm32f1xx_hal_gpio.o(i.HAL_GPIO_TogglePin)
    HAL_GPIO_WritePin                        0x080014e7   Thumb Code    10  stm32f1xx_hal_gpio.o(i.HAL_GPIO_WritePin)
    HAL_GetTick                              0x080014f1   Thumb Code     6  stm32f1xx_hal.o(i.HAL_GetTick)
    HAL_I2C_AbortCpltCallback                0x080014fd   Thumb Code     2  stm32f1xx_hal_i2c.o(i.HAL_I2C_AbortCpltCallback)
    HAL_I2C_AddrCallback                     0x080014ff   Thumb Code     2  stm32f1xx_hal_i2c.o(i.HAL_I2C_AddrCallback)
    HAL_I2C_EV_IRQHandler                    0x08001501   Thumb Code   486  stm32f1xx_hal_i2c.o(i.HAL_I2C_EV_IRQHandler)
    HAL_I2C_ErrorCallback                    0x080016f1   Thumb Code     2  stm32f1xx_hal_i2c.o(i.HAL_I2C_ErrorCallback)
    HAL_I2C_Init                             0x080016f5   Thumb Code   302  stm32f1xx_hal_i2c.o(i.HAL_I2C_Init)
    HAL_I2C_ListenCpltCallback               0x08001835   Thumb Code     2  stm32f1xx_hal_i2c.o(i.HAL_I2C_ListenCpltCallback)
    HAL_I2C_MasterRxCpltCallback             0x08001837   Thumb Code     2  stm32f1xx_hal_i2c.o(i.HAL_I2C_MasterRxCpltCallback)
    HAL_I2C_MasterTxCpltCallback             0x08001839   Thumb Code     2  stm32f1xx_hal_i2c.o(i.HAL_I2C_MasterTxCpltCallback)
    HAL_I2C_MemRxCpltCallback                0x0800183b   Thumb Code     2  stm32f1xx_hal_i2c.o(i.HAL_I2C_MemRxCpltCallback)
    HAL_I2C_MemTxCpltCallback                0x0800183d   Thumb Code     2  stm32f1xx_hal_i2c.o(i.HAL_I2C_MemTxCpltCallback)
    HAL_I2C_MspInit                          0x08001841   Thumb Code   112  stm32f1xx_hal_msp.o(i.HAL_I2C_MspInit)
    HAL_I2C_SlaveRxCpltCallback              0x080018c1   Thumb Code     2  stm32f1xx_hal_i2c.o(i.HAL_I2C_SlaveRxCpltCallback)
    HAL_I2C_SlaveTxCpltCallback              0x080018c3   Thumb Code     2  stm32f1xx_hal_i2c.o(i.HAL_I2C_SlaveTxCpltCallback)
    HAL_IncTick                              0x080018c5   Thumb Code    12  stm32f1xx_hal.o(i.HAL_IncTick)
    HAL_Init                                 0x080018d5   Thumb Code    32  stm32f1xx_hal.o(i.HAL_Init)
    HAL_InitTick                             0x080018f9   Thumb Code    54  stm32f1xx_hal.o(i.HAL_InitTick)
    HAL_MspInit                              0x08001939   Thumb Code    52  stm32f1xx_hal_msp.o(i.HAL_MspInit)
    HAL_NVIC_EnableIRQ                       0x08001975   Thumb Code    22  stm32f1xx_hal_cortex.o(i.HAL_NVIC_EnableIRQ)
    HAL_NVIC_SetPriority                     0x0800198d   Thumb Code    60  stm32f1xx_hal_cortex.o(i.HAL_NVIC_SetPriority)
    HAL_NVIC_SetPriorityGrouping             0x080019cd   Thumb Code    26  stm32f1xx_hal_cortex.o(i.HAL_NVIC_SetPriorityGrouping)
    HAL_RCCEx_PeriphCLKConfig                0x080019f1   Thumb Code   224  stm32f1xx_hal_rcc_ex.o(i.HAL_RCCEx_PeriphCLKConfig)
    HAL_RCC_ClockConfig                      0x08001add   Thumb Code   346  stm32f1xx_hal_rcc.o(i.HAL_RCC_ClockConfig)
    HAL_RCC_GetPCLK1Freq                     0x08001c49   Thumb Code    20  stm32f1xx_hal_rcc.o(i.HAL_RCC_GetPCLK1Freq)
    HAL_RCC_GetPCLK2Freq                     0x08001c69   Thumb Code    20  stm32f1xx_hal_rcc.o(i.HAL_RCC_GetPCLK2Freq)
    HAL_RCC_GetSysClockFreq                  0x08001c89   Thumb Code    74  stm32f1xx_hal_rcc.o(i.HAL_RCC_GetSysClockFreq)
    HAL_RCC_OscConfig                        0x08001cf5   Thumb Code   750  stm32f1xx_hal_rcc.o(i.HAL_RCC_OscConfig)
    HAL_SYSTICK_Config                       0x08001ff9   Thumb Code    40  stm32f1xx_hal_cortex.o(i.HAL_SYSTICK_Config)
    HAL_TIMEx_ConfigBreakDeadTime            0x08002021   Thumb Code    90  stm32f1xx_hal_tim_ex.o(i.HAL_TIMEx_ConfigBreakDeadTime)
    HAL_TIMEx_MasterConfigSynchronization    0x0800207b   Thumb Code    80  stm32f1xx_hal_tim_ex.o(i.HAL_TIMEx_MasterConfigSynchronization)
    HAL_TIM_Base_Init                        0x080020cb   Thumb Code    54  stm32f1xx_hal_tim.o(i.HAL_TIM_Base_Init)
    HAL_TIM_Base_MspInit                     0x08002101   Thumb Code    74  stm32f1xx_hal_msp.o(i.HAL_TIM_Base_MspInit)
    HAL_TIM_ConfigClockSource                0x08002159   Thumb Code   242  stm32f1xx_hal_tim.o(i.HAL_TIM_ConfigClockSource)
    HAL_TIM_Encoder_Init                     0x0800224b   Thumb Code   150  stm32f1xx_hal_tim.o(i.HAL_TIM_Encoder_Init)
    HAL_TIM_Encoder_MspInit                  0x080022e1   Thumb Code   188  stm32f1xx_hal_msp.o(i.HAL_TIM_Encoder_MspInit)
    HAL_TIM_Encoder_Start                    0x080023b9   Thumb Code    52  stm32f1xx_hal_tim.o(i.HAL_TIM_Encoder_Start)
    HAL_TIM_MspPostInit                      0x080023ed   Thumb Code   124  stm32f1xx_hal_msp.o(i.HAL_TIM_MspPostInit)
    HAL_TIM_PWM_ConfigChannel                0x0800247d   Thumb Code   208  stm32f1xx_hal_tim.o(i.HAL_TIM_PWM_ConfigChannel)
    HAL_TIM_PWM_Init                         0x0800254d   Thumb Code    54  stm32f1xx_hal_tim.o(i.HAL_TIM_PWM_Init)
    HAL_TIM_PWM_MspInit                      0x08002583   Thumb Code     2  stm32f1xx_hal_tim.o(i.HAL_TIM_PWM_MspInit)
    HAL_UART_ErrorCallback                   0x08002585   Thumb Code     2  stm32f1xx_hal_uart.o(i.HAL_UART_ErrorCallback)
    HAL_UART_IRQHandler                      0x08002589   Thumb Code   266  stm32f1xx_hal_uart.o(i.HAL_UART_IRQHandler)
    HAL_UART_Init                            0x08002699   Thumb Code    98  stm32f1xx_hal_uart.o(i.HAL_UART_Init)
    HAL_UART_MspInit                         0x080026fd   Thumb Code   192  stm32f1xx_hal_msp.o(i.HAL_UART_MspInit)
    HAL_UART_Receive_DMA                     0x080027d5   Thumb Code   138  stm32f1xx_hal_uart.o(i.HAL_UART_Receive_DMA)
    HAL_UART_RxCpltCallback                  0x0800286d   Thumb Code    42  bluetooth.o(i.HAL_UART_RxCpltCallback)
    HAL_UART_RxHalfCpltCallback              0x080028a1   Thumb Code     2  stm32f1xx_hal_uart.o(i.HAL_UART_RxHalfCpltCallback)
    HAL_UART_TxCpltCallback                  0x080028a3   Thumb Code     2  bluetooth.o(i.HAL_UART_TxCpltCallback)
    HardFault_Handler                        0x080028a5   Thumb Code     2  stm32f1xx_it.o(i.HardFault_Handler)
    I2C1_EV_IRQHandler                       0x080028a9   Thumb Code     6  stm32f1xx_it.o(i.I2C1_EV_IRQHandler)
    LL_GPIO_Init                             0x08002f91   Thumb Code   240  stm32f1xx_ll_gpio.o(i.LL_GPIO_Init)
    LL_TIM_BDTR_Init                         0x080030ab   Thumb Code    58  stm32f1xx_ll_tim.o(i.LL_TIM_BDTR_Init)
    LL_TIM_Init                              0x080030e5   Thumb Code   120  stm32f1xx_ll_tim.o(i.LL_TIM_Init)
    LL_TIM_OC_Init                           0x08003219   Thumb Code   446  stm32f1xx_ll_tim.o(i.LL_TIM_OC_Init)
    Led_task                                 0x08003431   Thumb Code    44  led.o(i.Led_task)
    MemManage_Handler                        0x08003a89   Thumb Code     2  stm32f1xx_it.o(i.MemManage_Handler)
    Motor_PID_Enable                         0x08003a8d   Thumb Code    70  motor.o(i.Motor_PID_Enable)
    Motor_lock                               0x08003ad9   Thumb Code   102  motor.o(i.Motor_lock)
    Motor_task                               0x08003b69   Thumb Code  1366  motor.o(i.Motor_task)
    NMI_Handler                              0x080040e5   Thumb Code     2  stm32f1xx_it.o(i.NMI_Handler)
    PendSV_Handler                           0x08004107   Thumb Code     2  stm32f1xx_it.o(i.PendSV_Handler)
    SVC_Handler                              0x08004109   Thumb Code     2  stm32f1xx_it.o(i.SVC_Handler)
    Set_blink                                0x0800410d   Thumb Code    24  led.o(i.Set_blink)
    SysTick_Handler                          0x0800412d   Thumb Code     4  stm32f1xx_it.o(i.SysTick_Handler)
    SystemClock_Config                       0x08004131   Thumb Code   122  main.o(i.SystemClock_Config)
    SystemInit                               0x080041ad   Thumb Code    56  system_stm32f1xx.o(i.SystemInit)
    TIM_Base_SetConfig                       0x080041f5   Thumb Code   120  stm32f1xx_hal_tim.o(i.TIM_Base_SetConfig)
    TIM_CCxChannelCmd                        0x08004281   Thumb Code    22  stm32f1xx_hal_tim.o(i.TIM_CCxChannelCmd)
    TIM_OC2_SetConfig                        0x0800431d   Thumb Code    98  stm32f1xx_hal_tim.o(i.TIM_OC2_SetConfig)
    USART2_IRQHandler                        0x080047c1   Thumb Code     6  stm32f1xx_it.o(i.USART2_IRQHandler)
    UsageFault_Handler                       0x080047cd   Thumb Code     2  stm32f1xx_it.o(i.UsageFault_Handler)
    __scatterload_copy                       0x080047cf   Thumb Code    14  handlers.o(i.__scatterload_copy)
    __scatterload_null                       0x080047dd   Thumb Code     2  handlers.o(i.__scatterload_null)
    __scatterload_zeroinit                   0x080047df   Thumb Code    14  handlers.o(i.__scatterload_zeroinit)
    cal_mecanum                              0x080047ed   Thumb Code   196  mecanum.o(i.cal_mecanum)
    main                                     0x080048b5   Thumb Code   446  main.o(i.main)
    usart_task                               0x08004bd9   Thumb Code   188  bluetooth.o(i.usart_task)
    user_Motor_Init                          0x08004c9d   Thumb Code   104  motor.o(i.user_Motor_Init)
    AHBPrescTable                            0x08004d29   Data          16  system_stm32f1xx.o(.constdata)
    APBPrescTable                            0x08004d39   Data           8  system_stm32f1xx.o(.constdata)
    Region$$Table$$Base                      0x08004d44   Number         0  anon$$obj.o(Region$$Table)
    Region$$Table$$Limit                     0x08004d64   Number         0  anon$$obj.o(Region$$Table)
    led_times                                0x20000000   Data           2  led.o(.data)
    led_period                               0x20000004   Data           4  led.o(.data)
    cnt1                                     0x2000000c   Data           2  motor.o(.data)
    voltbuf                                  0x2000001c   Data          10  battery.o(.data)
    usart_cnt                                0x20000026   Data           1  bluetooth.o(.data)
    usartRxbuf                               0x20000027   Data           8  bluetooth.o(.data)
    ctrlmode                                 0x20000030   Data           1  main.o(.data)
    bat_vol                                  0x20000032   Data           2  main.o(.data)
    common_mt_ctrl                           0x20000034   Data           4  main.o(.data)
    uwTickFreq                               0x20000038   Data           1  stm32f1xx_hal.o(.data)
    uwTickPrio                               0x2000003c   Data           4  stm32f1xx_hal.o(.data)
    uwTick                                   0x20000040   Data           4  stm32f1xx_hal.o(.data)
    SystemCoreClock                          0x20000044   Data           4  system_stm32f1xx.o(.data)
    currerr                                  0x20000048   Data          16  motor.o(.bss)
    motors                                   0x20000058   Data         160  main.o(.bss)
    speed_xyr                                0x200000f8   Data          12  main.o(.bss)
    hadc1                                    0x20000104   Data          48  main.o(.bss)
    hi2c1                                    0x20000134   Data          84  main.o(.bss)
    htim2                                    0x20000188   Data          64  main.o(.bss)
    htim3                                    0x200001c8   Data          64  main.o(.bss)
    htim4                                    0x20000208   Data          64  main.o(.bss)
    htim5                                    0x20000248   Data          64  main.o(.bss)
    htim6                                    0x20000288   Data          64  main.o(.bss)
    htim8                                    0x200002c8   Data          64  main.o(.bss)
    huart2                                   0x20000308   Data          64  main.o(.bss)
    hdma_usart2_rx                           0x20000348   Data          68  main.o(.bss)
    hdma_usart2_tx                           0x2000038c   Data          68  main.o(.bss)
    __initial_sp                             0x200007d0   Data           0  startup_stm32f103xe.o(STACK)



==============================================================================

Memory Map of the image

  Image Entry point : 0x08000131

  Load Region LR_IROM1 (Base: 0x08000000, Size: 0x00004dac, Max: 0x00010000, ABSOLUTE)

    Execution Region ER_IROM1 (Exec base: 0x08000000, Load base: 0x08000000, Size: 0x00004d64, Max: 0x00010000, ABSOLUTE)

    Exec Addr    Load Addr    Size         Type   Attr      Idx    E Section Name        Object

    0x08000000   0x08000000   0x00000130   Data   RO            3    RESET               startup_stm32f103xe.o
    0x08000130   0x08000130   0x00000000   Code   RO         4024  * .ARM.Collect$$$$00000000  mc_w.l(entry.o)
    0x08000130   0x08000130   0x00000004   Code   RO         4059    .ARM.Collect$$$$00000001  mc_w.l(entry2.o)
    0x08000134   0x08000134   0x00000004   Code   RO         4062    .ARM.Collect$$$$00000004  mc_w.l(entry5.o)
    0x08000138   0x08000138   0x00000000   Code   RO         4064    .ARM.Collect$$$$00000008  mc_w.l(entry7b.o)
    0x08000138   0x08000138   0x00000000   Code   RO         4066    .ARM.Collect$$$$0000000A  mc_w.l(entry8b.o)
    0x08000138   0x08000138   0x00000008   Code   RO         4067    .ARM.Collect$$$$0000000B  mc_w.l(entry9a.o)
    0x08000140   0x08000140   0x00000000   Code   RO         4069    .ARM.Collect$$$$0000000D  mc_w.l(entry10a.o)
    0x08000140   0x08000140   0x00000000   Code   RO         4071    .ARM.Collect$$$$0000000F  mc_w.l(entry11a.o)
    0x08000140   0x08000140   0x00000004   Code   RO         4060    .ARM.Collect$$$$00002712  mc_w.l(entry2.o)
    0x08000144   0x08000144   0x00000024   Code   RO            4    .text               startup_stm32f103xe.o
    0x08000168   0x08000168   0x00000020   Code   RO         4027    .text               mc_w.l(llushr.o)
    0x08000188   0x08000188   0x00000024   Code   RO         4029    .text               mc_w.l(memseta.o)
    0x080001ac   0x080001ac   0x000000b0   Code   RO         4031    .text               mf_w.l(fadd.o)
    0x0800025c   0x0800025c   0x00000064   Code   RO         4033    .text               mf_w.l(fmul.o)
    0x080002c0   0x080002c0   0x0000007c   Code   RO         4035    .text               mf_w.l(fdiv.o)
    0x0800033c   0x0800033c   0x0000014e   Code   RO         4037    .text               mf_w.l(dadd.o)
    0x0800048a   0x0800048a   0x000000e4   Code   RO         4039    .text               mf_w.l(dmul.o)
    0x0800056e   0x0800056e   0x00000012   Code   RO         4043    .text               mf_w.l(fflti.o)
    0x08000580   0x08000580   0x0000000a   Code   RO         4045    .text               mf_w.l(ffltui.o)
    0x0800058a   0x0800058a   0x00000032   Code   RO         4049    .text               mf_w.l(ffixi.o)
    0x080005bc   0x080005bc   0x00000026   Code   RO         4053    .text               mf_w.l(f2d.o)
    0x080005e2   0x080005e2   0x00000038   Code   RO         4055    .text               mf_w.l(d2f.o)
    0x0800061a   0x0800061a   0x00000002   PAD
    0x0800061c   0x0800061c   0x00000014   Code   RO         4057    .text               mf_w.l(cfrcmple.o)
    0x08000630   0x08000630   0x0000001e   Code   RO         4073    .text               mc_w.l(llshl.o)
    0x0800064e   0x0800064e   0x00000024   Code   RO         4075    .text               mc_w.l(llsshr.o)
    0x08000672   0x08000672   0x00000000   Code   RO         4077    .text               mc_w.l(iusefp.o)
    0x08000672   0x08000672   0x0000006e   Code   RO         4078    .text               mf_w.l(fepilogue.o)
    0x080006e0   0x080006e0   0x000000ba   Code   RO         4080    .text               mf_w.l(depilogue.o)
    0x0800079a   0x0800079a   0x00000002   PAD
    0x0800079c   0x0800079c   0x00000024   Code   RO         4082    .text               mc_w.l(init.o)
    0x080007c0   0x080007c0   0x0000000c   Code   RO          573    i.ADC1_2_IRQHandler  stm32f1xx_it.o
    0x080007cc   0x080007cc   0x0000004c   Code   RO          806    i.ADC_ConversionStop_Disable  stm32f1xx_hal_adc.o
    0x08000818   0x08000818   0x00000070   Code   RO          810    i.ADC_Enable        stm32f1xx_hal_adc.o
    0x08000888   0x08000888   0x00000002   Code   RO          574    i.BusFault_Handler  stm32f1xx_it.o
    0x0800088a   0x0800088a   0x00000002   PAD
    0x0800088c   0x0800088c   0x00000064   Code   RO          297    i.Check_volt        battery.o
    0x080008f0   0x080008f0   0x0000000c   Code   RO          575    i.DMA1_Channel6_IRQHandler  stm32f1xx_it.o
    0x080008fc   0x080008fc   0x0000000c   Code   RO          576    i.DMA1_Channel7_IRQHandler  stm32f1xx_it.o
    0x08000908   0x08000908   0x0000002a   Code   RO         3271    i.DMA_SetConfig     stm32f1xx_hal_dma.o
    0x08000932   0x08000932   0x00000002   Code   RO          577    i.DebugMon_Handler  stm32f1xx_it.o
    0x08000934   0x08000934   0x00000044   Code   RO          207    i.EXTI15_10_IRQHandler  motor.o
    0x08000978   0x08000978   0x00000044   Code   RO          208    i.EXTI2_IRQHandler  motor.o
    0x080009bc   0x080009bc   0x00000002   Code   RO          444    i.Error_Handler     main.o
    0x080009be   0x080009be   0x00000002   PAD
    0x080009c0   0x080009c0   0x0000005c   Code   RO          209    i.Get_cnt           motor.o
    0x08000a1c   0x08000a1c   0x00000002   Code   RO          988    i.HAL_ADCEx_InjectedConvCpltCallback  stm32f1xx_hal_adc_ex.o
    0x08000a1e   0x08000a1e   0x00000002   PAD
    0x08000a20   0x08000a20   0x000000fc   Code   RO          812    i.HAL_ADC_ConfigChannel  stm32f1xx_hal_adc.o
    0x08000b1c   0x08000b1c   0x00000028   Code   RO          298    i.HAL_ADC_ConvCpltCallback  battery.o
    0x08000b44   0x08000b44   0x00000006   Code   RO          819    i.HAL_ADC_GetValue  stm32f1xx_hal_adc.o
    0x08000b4a   0x08000b4a   0x000000e6   Code   RO          820    i.HAL_ADC_IRQHandler  stm32f1xx_hal_adc.o
    0x08000c30   0x08000c30   0x00000120   Code   RO          821    i.HAL_ADC_Init      stm32f1xx_hal_adc.o
    0x08000d50   0x08000d50   0x00000002   Code   RO          822    i.HAL_ADC_LevelOutOfWindowCallback  stm32f1xx_hal_adc.o
    0x08000d52   0x08000d52   0x00000002   PAD
    0x08000d54   0x08000d54   0x00000068   Code   RO          680    i.HAL_ADC_MspInit   stm32f1xx_hal_msp.o
    0x08000dbc   0x08000dbc   0x000000cc   Code   RO          829    i.HAL_ADC_Start_IT  stm32f1xx_hal_adc.o
    0x08000e88   0x08000e88   0x00000130   Code   RO         3273    i.HAL_DMA_Abort_IT  stm32f1xx_hal_dma.o
    0x08000fb8   0x08000fb8   0x00000248   Code   RO         3277    i.HAL_DMA_IRQHandler  stm32f1xx_hal_dma.o
    0x08001200   0x08001200   0x0000007c   Code   RO         3278    i.HAL_DMA_Init      stm32f1xx_hal_dma.o
    0x0800127c   0x0800127c   0x00000070   Code   RO         3282    i.HAL_DMA_Start_IT  stm32f1xx_hal_dma.o
    0x080012ec   0x080012ec   0x000001e8   Code   RO         3208    i.HAL_GPIO_Init     stm32f1xx_hal_gpio.o
    0x080014d4   0x080014d4   0x0000000a   Code   RO         3210    i.HAL_GPIO_ReadPin  stm32f1xx_hal_gpio.o
    0x080014de   0x080014de   0x00000008   Code   RO         3211    i.HAL_GPIO_TogglePin  stm32f1xx_hal_gpio.o
    0x080014e6   0x080014e6   0x0000000a   Code   RO         3212    i.HAL_GPIO_WritePin  stm32f1xx_hal_gpio.o
    0x080014f0   0x080014f0   0x0000000c   Code   RO         2916    i.HAL_GetTick       stm32f1xx_hal.o
    0x080014fc   0x080014fc   0x00000002   Code   RO         1082    i.HAL_I2C_AbortCpltCallback  stm32f1xx_hal_i2c.o
    0x080014fe   0x080014fe   0x00000002   Code   RO         1083    i.HAL_I2C_AddrCallback  stm32f1xx_hal_i2c.o
    0x08001500   0x08001500   0x000001f0   Code   RO         1087    i.HAL_I2C_EV_IRQHandler  stm32f1xx_hal_i2c.o
    0x080016f0   0x080016f0   0x00000002   Code   RO         1089    i.HAL_I2C_ErrorCallback  stm32f1xx_hal_i2c.o
    0x080016f2   0x080016f2   0x00000002   PAD
    0x080016f4   0x080016f4   0x00000140   Code   RO         1093    i.HAL_I2C_Init      stm32f1xx_hal_i2c.o
    0x08001834   0x08001834   0x00000002   Code   RO         1095    i.HAL_I2C_ListenCpltCallback  stm32f1xx_hal_i2c.o
    0x08001836   0x08001836   0x00000002   Code   RO         1096    i.HAL_I2C_MasterRxCpltCallback  stm32f1xx_hal_i2c.o
    0x08001838   0x08001838   0x00000002   Code   RO         1097    i.HAL_I2C_MasterTxCpltCallback  stm32f1xx_hal_i2c.o
    0x0800183a   0x0800183a   0x00000002   Code   RO         1107    i.HAL_I2C_MemRxCpltCallback  stm32f1xx_hal_i2c.o
    0x0800183c   0x0800183c   0x00000002   Code   RO         1108    i.HAL_I2C_MemTxCpltCallback  stm32f1xx_hal_i2c.o
    0x0800183e   0x0800183e   0x00000002   PAD
    0x08001840   0x08001840   0x00000080   Code   RO          682    i.HAL_I2C_MspInit   stm32f1xx_hal_msp.o
    0x080018c0   0x080018c0   0x00000002   Code   RO         1117    i.HAL_I2C_SlaveRxCpltCallback  stm32f1xx_hal_i2c.o
    0x080018c2   0x080018c2   0x00000002   Code   RO         1118    i.HAL_I2C_SlaveTxCpltCallback  stm32f1xx_hal_i2c.o
    0x080018c4   0x080018c4   0x00000010   Code   RO         2920    i.HAL_IncTick       stm32f1xx_hal.o
    0x080018d4   0x080018d4   0x00000024   Code   RO         2921    i.HAL_Init          stm32f1xx_hal.o
    0x080018f8   0x080018f8   0x00000040   Code   RO         2922    i.HAL_InitTick      stm32f1xx_hal.o
    0x08001938   0x08001938   0x0000003c   Code   RO          683    i.HAL_MspInit       stm32f1xx_hal_msp.o
    0x08001974   0x08001974   0x00000016   Code   RO         3368    i.HAL_NVIC_EnableIRQ  stm32f1xx_hal_cortex.o
    0x0800198a   0x0800198a   0x00000002   PAD
    0x0800198c   0x0800198c   0x00000040   Code   RO         3374    i.HAL_NVIC_SetPriority  stm32f1xx_hal_cortex.o
    0x080019cc   0x080019cc   0x00000024   Code   RO         3375    i.HAL_NVIC_SetPriorityGrouping  stm32f1xx_hal_cortex.o
    0x080019f0   0x080019f0   0x000000ec   Code   RO         3171    i.HAL_RCCEx_PeriphCLKConfig  stm32f1xx_hal_rcc_ex.o
    0x08001adc   0x08001adc   0x0000016c   Code   RO         3068    i.HAL_RCC_ClockConfig  stm32f1xx_hal_rcc.o
    0x08001c48   0x08001c48   0x00000020   Code   RO         3075    i.HAL_RCC_GetPCLK1Freq  stm32f1xx_hal_rcc.o
    0x08001c68   0x08001c68   0x00000020   Code   RO         3076    i.HAL_RCC_GetPCLK2Freq  stm32f1xx_hal_rcc.o
    0x08001c88   0x08001c88   0x0000006c   Code   RO         3077    i.HAL_RCC_GetSysClockFreq  stm32f1xx_hal_rcc.o
    0x08001cf4   0x08001cf4   0x00000304   Code   RO         3080    i.HAL_RCC_OscConfig  stm32f1xx_hal_rcc.o
    0x08001ff8   0x08001ff8   0x00000028   Code   RO         3379    i.HAL_SYSTICK_Config  stm32f1xx_hal_cortex.o
    0x08002020   0x08002020   0x0000005a   Code   RO         2143    i.HAL_TIMEx_ConfigBreakDeadTime  stm32f1xx_hal_tim_ex.o
    0x0800207a   0x0800207a   0x00000050   Code   RO         2158    i.HAL_TIMEx_MasterConfigSynchronization  stm32f1xx_hal_tim_ex.o
    0x080020ca   0x080020ca   0x00000036   Code   RO         1512    i.HAL_TIM_Base_Init  stm32f1xx_hal_tim.o
    0x08002100   0x08002100   0x00000058   Code   RO          685    i.HAL_TIM_Base_MspInit  stm32f1xx_hal_msp.o
    0x08002158   0x08002158   0x000000f2   Code   RO         1521    i.HAL_TIM_ConfigClockSource  stm32f1xx_hal_tim.o
    0x0800224a   0x0800224a   0x00000096   Code   RO         1530    i.HAL_TIM_Encoder_Init  stm32f1xx_hal_tim.o
    0x080022e0   0x080022e0   0x000000d8   Code   RO          687    i.HAL_TIM_Encoder_MspInit  stm32f1xx_hal_msp.o
    0x080023b8   0x080023b8   0x00000034   Code   RO         1533    i.HAL_TIM_Encoder_Start  stm32f1xx_hal_tim.o
    0x080023ec   0x080023ec   0x00000090   Code   RO          688    i.HAL_TIM_MspPostInit  stm32f1xx_hal_msp.o
    0x0800247c   0x0800247c   0x000000d0   Code   RO         1578    i.HAL_TIM_PWM_ConfigChannel  stm32f1xx_hal_tim.o
    0x0800254c   0x0800254c   0x00000036   Code   RO         1581    i.HAL_TIM_PWM_Init  stm32f1xx_hal_tim.o
    0x08002582   0x08002582   0x00000002   Code   RO         1583    i.HAL_TIM_PWM_MspInit  stm32f1xx_hal_tim.o
    0x08002584   0x08002584   0x00000002   Code   RO         2600    i.HAL_UART_ErrorCallback  stm32f1xx_hal_uart.o
    0x08002586   0x08002586   0x00000002   PAD
    0x08002588   0x08002588   0x00000110   Code   RO         2603    i.HAL_UART_IRQHandler  stm32f1xx_hal_uart.o
    0x08002698   0x08002698   0x00000062   Code   RO         2604    i.HAL_UART_Init     stm32f1xx_hal_uart.o
    0x080026fa   0x080026fa   0x00000002   PAD
    0x080026fc   0x080026fc   0x000000d8   Code   RO          690    i.HAL_UART_MspInit  stm32f1xx_hal_msp.o
    0x080027d4   0x080027d4   0x00000098   Code   RO         2608    i.HAL_UART_Receive_DMA  stm32f1xx_hal_uart.o
    0x0800286c   0x0800286c   0x00000034   Code   RO          334    i.HAL_UART_RxCpltCallback  bluetooth.o
    0x080028a0   0x080028a0   0x00000002   Code   RO         2611    i.HAL_UART_RxHalfCpltCallback  stm32f1xx_hal_uart.o
    0x080028a2   0x080028a2   0x00000002   Code   RO          335    i.HAL_UART_TxCpltCallback  bluetooth.o
    0x080028a4   0x080028a4   0x00000002   Code   RO          578    i.HardFault_Handler  stm32f1xx_it.o
    0x080028a6   0x080028a6   0x00000002   PAD
    0x080028a8   0x080028a8   0x0000000c   Code   RO          579    i.I2C1_EV_IRQHandler  stm32f1xx_it.o
    0x080028b4   0x080028b4   0x0000004e   Code   RO         1127    i.I2C_DMAAbort      stm32f1xx_hal_i2c.o
    0x08002902   0x08002902   0x00000002   PAD
    0x08002904   0x08002904   0x00000124   Code   RO         1130    i.I2C_ITError       stm32f1xx_hal_i2c.o
    0x08002a28   0x08002a28   0x000000c8   Code   RO         1132    i.I2C_MasterReceive_BTF  stm32f1xx_hal_i2c.o
    0x08002af0   0x08002af0   0x000000ae   Code   RO         1133    i.I2C_MasterReceive_RXNE  stm32f1xx_hal_i2c.o
    0x08002b9e   0x08002b9e   0x00000080   Code   RO         1136    i.I2C_MasterTransmit_BTF  stm32f1xx_hal_i2c.o
    0x08002c1e   0x08002c1e   0x00000002   PAD
    0x08002c20   0x08002c20   0x00000108   Code   RO         1137    i.I2C_MasterTransmit_TXE  stm32f1xx_hal_i2c.o
    0x08002d28   0x08002d28   0x0000011a   Code   RO         1138    i.I2C_Master_ADDR   stm32f1xx_hal_i2c.o
    0x08002e42   0x08002e42   0x0000005a   Code   RO         1139    i.I2C_Master_SB     stm32f1xx_hal_i2c.o
    0x08002e9c   0x08002e9c   0x000000dc   Code   RO         1143    i.I2C_Slave_STOPF   stm32f1xx_hal_i2c.o
    0x08002f78   0x08002f78   0x00000018   Code   RO          445    i.LL_APB2_GRP1_EnableClock  main.o
    0x08002f90   0x08002f90   0x000000f0   Code   RO         2489    i.LL_GPIO_Init      stm32f1xx_ll_gpio.o
    0x08003080   0x08003080   0x0000002a   Code   RO          210    i.LL_GPIO_SetPinMode  motor.o
    0x080030aa   0x080030aa   0x0000003a   Code   RO         2376    i.LL_TIM_BDTR_Init  stm32f1xx_ll_tim.o
    0x080030e4   0x080030e4   0x0000008c   Code   RO         2385    i.LL_TIM_Init       stm32f1xx_ll_tim.o
    0x08003170   0x08003170   0x00000054   Code   RO          446    i.LL_TIM_OC_DisableFast  main.o
    0x080031c4   0x080031c4   0x00000054   Code   RO          447    i.LL_TIM_OC_EnablePreload  main.o
    0x08003218   0x08003218   0x000001c8   Code   RO         2386    i.LL_TIM_OC_Init    stm32f1xx_ll_tim.o
    0x080033e0   0x080033e0   0x00000050   Code   RO          211    i.LL_TIM_OC_SetPolarity  motor.o
    0x08003430   0x08003430   0x00000034   Code   RO           13    i.Led_task          led.o
    0x08003464   0x08003464   0x0000004c   Code   RO          448    i.MX_ADC1_Init      main.o
    0x080034b0   0x080034b0   0x000001b0   Code   RO          449    i.MX_GPIO_Init      main.o
    0x08003660   0x08003660   0x00000170   Code   RO          450    i.MX_TIM1_Init      main.o
    0x080037d0   0x080037d0   0x00000094   Code   RO          451    i.MX_TIM2_Init      main.o
    0x08003864   0x08003864   0x00000068   Code   RO          452    i.MX_TIM3_Init      main.o
    0x080038cc   0x080038cc   0x00000068   Code   RO          453    i.MX_TIM4_Init      main.o
    0x08003934   0x08003934   0x00000068   Code   RO          454    i.MX_TIM5_Init      main.o
    0x0800399c   0x0800399c   0x000000ec   Code   RO          455    i.MX_TIM8_Init      main.o
    0x08003a88   0x08003a88   0x00000002   Code   RO          580    i.MemManage_Handler  stm32f1xx_it.o
    0x08003a8a   0x08003a8a   0x00000002   PAD
    0x08003a8c   0x08003a8c   0x0000004c   Code   RO          212    i.Motor_PID_Enable  motor.o
    0x08003ad8   0x08003ad8   0x00000090   Code   RO          213    i.Motor_lock        motor.o
    0x08003b68   0x08003b68   0x0000057c   Code   RO          214    i.Motor_task        motor.o
    0x080040e4   0x080040e4   0x00000002   Code   RO          581    i.NMI_Handler       stm32f1xx_it.o
    0x080040e6   0x080040e6   0x00000020   Code   RO         3381    i.NVIC_SetPriority  stm32f1xx_hal_cortex.o
    0x08004106   0x08004106   0x00000002   Code   RO          582    i.PendSV_Handler    stm32f1xx_it.o
    0x08004108   0x08004108   0x00000002   Code   RO          583    i.SVC_Handler       stm32f1xx_it.o
    0x0800410a   0x0800410a   0x00000002   PAD
    0x0800410c   0x0800410c   0x00000020   Code   RO           14    i.Set_blink         led.o
    0x0800412c   0x0800412c   0x00000004   Code   RO          584    i.SysTick_Handler   stm32f1xx_it.o
    0x08004130   0x08004130   0x0000007a   Code   RO          456    i.SystemClock_Config  main.o
    0x080041aa   0x080041aa   0x00000002   PAD
    0x080041ac   0x080041ac   0x00000048   Code   RO         3990    i.SystemInit        system_stm32f1xx.o
    0x080041f4   0x080041f4   0x0000008c   Code   RO         1596    i.TIM_Base_SetConfig  stm32f1xx_hal_tim.o
    0x08004280   0x08004280   0x00000016   Code   RO         1597    i.TIM_CCxChannelCmd  stm32f1xx_hal_tim.o
    0x08004296   0x08004296   0x00000014   Code   RO         1603    i.TIM_ETR_SetConfig  stm32f1xx_hal_tim.o
    0x080042aa   0x080042aa   0x00000010   Code   RO         1604    i.TIM_ITRx_SetConfig  stm32f1xx_hal_tim.o
    0x080042ba   0x080042ba   0x00000002   PAD
    0x080042bc   0x080042bc   0x00000060   Code   RO         1605    i.TIM_OC1_SetConfig  stm32f1xx_hal_tim.o
    0x0800431c   0x0800431c   0x0000006c   Code   RO         1606    i.TIM_OC2_SetConfig  stm32f1xx_hal_tim.o
    0x08004388   0x08004388   0x00000068   Code   RO         1607    i.TIM_OC3_SetConfig  stm32f1xx_hal_tim.o
    0x080043f0   0x080043f0   0x00000050   Code   RO         1608    i.TIM_OC4_SetConfig  stm32f1xx_hal_tim.o
    0x08004440   0x08004440   0x00000022   Code   RO         1610    i.TIM_TI1_ConfigInputStage  stm32f1xx_hal_tim.o
    0x08004462   0x08004462   0x00000024   Code   RO         1612    i.TIM_TI2_ConfigInputStage  stm32f1xx_hal_tim.o
    0x08004486   0x08004486   0x00000010   Code   RO         2617    i.UART_DMAAbortOnError  stm32f1xx_hal_uart.o
    0x08004496   0x08004496   0x0000004a   Code   RO         2618    i.UART_DMAError     stm32f1xx_hal_uart.o
    0x080044e0   0x080044e0   0x0000003c   Code   RO         2619    i.UART_DMAReceiveCplt  stm32f1xx_hal_uart.o
    0x0800451c   0x0800451c   0x0000000a   Code   RO         2621    i.UART_DMARxHalfCplt  stm32f1xx_hal_uart.o
    0x08004526   0x08004526   0x0000001c   Code   RO         2627    i.UART_EndRxTransfer  stm32f1xx_hal_uart.o
    0x08004542   0x08004542   0x00000012   Code   RO         2628    i.UART_EndTxTransfer  stm32f1xx_hal_uart.o
    0x08004554   0x08004554   0x00000096   Code   RO         2629    i.UART_Receive_IT   stm32f1xx_hal_uart.o
    0x080045ea   0x080045ea   0x00000002   PAD
    0x080045ec   0x080045ec   0x00000170   Code   RO         2630    i.UART_SetConfig    stm32f1xx_hal_uart.o
    0x0800475c   0x0800475c   0x00000062   Code   RO         2631    i.UART_Transmit_IT  stm32f1xx_hal_uart.o
    0x080047be   0x080047be   0x00000002   PAD
    0x080047c0   0x080047c0   0x0000000c   Code   RO          585    i.USART2_IRQHandler  stm32f1xx_it.o
    0x080047cc   0x080047cc   0x00000002   Code   RO          586    i.UsageFault_Handler  stm32f1xx_it.o
    0x080047ce   0x080047ce   0x0000000e   Code   RO         4086    i.__scatterload_copy  mc_w.l(handlers.o)
    0x080047dc   0x080047dc   0x00000002   Code   RO         4087    i.__scatterload_null  mc_w.l(handlers.o)
    0x080047de   0x080047de   0x0000000e   Code   RO         4088    i.__scatterload_zeroinit  mc_w.l(handlers.o)
    0x080047ec   0x080047ec   0x000000c8   Code   RO          174    i.cal_mecanum       mecanum.o
    0x080048b4   0x080048b4   0x000001e8   Code   RO          457    i.main              main.o
    0x08004a9c   0x08004a9c   0x0000013c   Code   RO          215    i.pid_Motor_Init    motor.o
    0x08004bd8   0x08004bd8   0x000000c4   Code   RO          337    i.usart_task        bluetooth.o
    0x08004c9c   0x08004c9c   0x00000078   Code   RO          216    i.user_Motor_Init   motor.o
    0x08004d14   0x08004d14   0x00000007   Data   RO          218    .constdata          motor.o
    0x08004d1b   0x08004d1b   0x0000000e   Data   RO          464    .constdata          main.o
    0x08004d29   0x08004d29   0x00000010   Data   RO         3991    .constdata          system_stm32f1xx.o
    0x08004d39   0x08004d39   0x00000008   Data   RO         3992    .constdata          system_stm32f1xx.o
    0x08004d41   0x08004d41   0x00000003   PAD
    0x08004d44   0x08004d44   0x00000020   Data   RO         4084    Region$$Table       anon$$obj.o


    Execution Region RW_IRAM1 (Exec base: 0x20000000, Load base: 0x08004d64, Size: 0x000007d0, Max: 0x00005000, ABSOLUTE)

    Exec Addr    Load Addr    Size         Type   Attr      Idx    E Section Name        Object

    0x20000000   0x08004d64   0x0000000c   Data   RW           15    .data               led.o
    0x2000000c   0x08004d70   0x00000008   Data   RW          219    .data               motor.o
    0x20000014   0x08004d78   0x00000012   Data   RW          299    .data               battery.o
    0x20000026   0x08004d8a   0x00000009   Data   RW          338    .data               bluetooth.o
    0x2000002f   0x08004d93   0x00000001   PAD
    0x20000030   0x08004d94   0x00000008   Data   RW          465    .data               main.o
    0x20000038   0x08004d9c   0x0000000c   Data   RW         2928    .data               stm32f1xx_hal.o
    0x20000044   0x08004da8   0x00000004   Data   RW         3993    .data               system_stm32f1xx.o
    0x20000048        -       0x00000010   Zero   RW          217    .bss                motor.o
    0x20000058        -       0x000002f0   Zero   RW          459    .bss                main.o
    0x20000348        -       0x00000044   Zero   RW          461    .bss                main.o
    0x2000038c        -       0x00000044   Zero   RW          462    .bss                main.o
    0x200003d0        -       0x00000400   Zero   RW            1    STACK               startup_stm32f103xe.o


==============================================================================

Image component sizes


      Code (inc. data)   RO Data    RW Data    ZI Data      Debug   Object Name

       140         14          0         18          0       1950   battery.o
       250         24          0          9          0       2477   bluetooth.o
        84         16          0         12          0     517978   led.o
      2376        162         14          8        888      40422   main.o
       200          4          0          0          0      11610   mecanum.o
      2410        260          7          8         16      42734   motor.o
        36          8        304          0       1024        792   startup_stm32f103xe.o
       128         24          0         12          0       5841   stm32f1xx_hal.o
      1170         46          0          0          0       6699   stm32f1xx_hal_adc.o
         2          0          0          0          0       1037   stm32f1xx_hal_adc_ex.o
       194         14          0          0          0      25699   stm32f1xx_hal_cortex.o
      1166         52          0          0          0       4394   stm32f1xx_hal_dma.o
       516         42          0          0          0       4048   stm32f1xx_hal_gpio.o
      2564         48          0          0          0      17437   stm32f1xx_hal_i2c.o
       956        122          0          0          0       5400   stm32f1xx_hal_msp.o
      1308         98          0          0          0       5172   stm32f1xx_hal_rcc.o
       236         12          0          0          0       1368   stm32f1xx_hal_rcc_ex.o
      1418         56          0          0          0      12797   stm32f1xx_hal_tim.o
       170          0          0          0          0       2040   stm32f1xx_hal_tim_ex.o
      1348         24          0          0          0       9488   stm32f1xx_hal_uart.o
        80         30          0          0          0       5821   stm32f1xx_it.o
       240          0          0          0          0      11155   stm32f1xx_ll_gpio.o
       654         30          0          0          0      32150   stm32f1xx_ll_tim.o
        72         16         24          4          0       1135   system_stm32f1xx.o

    ----------------------------------------------------------------------
     17754       1102        384         72       1928     769644   Object Totals
         0          0         32          0          0          0   (incl. Generated)
        36          0          3          1          0          0   (incl. Padding)

    ----------------------------------------------------------------------

      Code (inc. data)   RO Data    RW Data    ZI Data      Debug   Library Member Name

         0          0          0          0          0          0   entry.o
         0          0          0          0          0          0   entry10a.o
         0          0          0          0          0          0   entry11a.o
         8          4          0          0          0          0   entry2.o
         4          0          0          0          0          0   entry5.o
         0          0          0          0          0          0   entry7b.o
         0          0          0          0          0          0   entry8b.o
         8          4          0          0          0          0   entry9a.o
        30          0          0          0          0          0   handlers.o
        36          8          0          0          0         68   init.o
         0          0          0          0          0          0   iusefp.o
        30          0          0          0          0         68   llshl.o
        36          0          0          0          0         68   llsshr.o
        32          0          0          0          0         68   llushr.o
        36          0          0          0          0        108   memseta.o
        20          0          0          0          0         68   cfrcmple.o
        56          0          0          0          0         88   d2f.o
       334          0          0          0          0        148   dadd.o
       186          0          0          0          0        176   depilogue.o
       228          0          0          0          0         96   dmul.o
        38          0          0          0          0         68   f2d.o
       176          0          0          0          0        140   fadd.o
       124          0          0          0          0         88   fdiv.o
       110          0          0          0          0        168   fepilogue.o
        50          0          0          0          0         68   ffixi.o
        18          0          0          0          0         68   fflti.o
        10          0          0          0          0         68   ffltui.o
       100          0          0          0          0         76   fmul.o

    ----------------------------------------------------------------------
      1674         16          0          0          0       1700   Library Totals
         4          0          0          0          0          0   (incl. Padding)

    ----------------------------------------------------------------------

      Code (inc. data)   RO Data    RW Data    ZI Data      Debug   Library Name

       220         16          0          0          0        380   mc_w.l
      1450          0          0          0          0       1320   mf_w.l

    ----------------------------------------------------------------------
      1674         16          0          0          0       1700   Library Totals

    ----------------------------------------------------------------------

==============================================================================


      Code (inc. data)   RO Data    RW Data    ZI Data      Debug   

     19428       1118        384         72       1928     763332   Grand Totals
     19428       1118        384         72       1928     763332   ELF Image Totals
     19428       1118        384         72          0          0   ROM Totals

==============================================================================

    Total RO  Size (Code + RO Data)                19812 (  19.35kB)
    Total RW  Size (RW Data + ZI Data)              2000 (   1.95kB)
    Total ROM Size (Code + RO Data + RW Data)      19884 (  19.42kB)

==============================================================================

